Archive member included because of file (symbol)

libbb/lib.a(appletlib.o)      /usr/lib/gcc/x86_64-linux-gnu/4.4.7/../../../x86_64-linux-gnu/crt1.o (main)
libbb/lib.a(bb_basename.o)    libbb/lib.a(appletlib.o) (bb_basename)
libbb/lib.a(concat_path_file.o)
                              libbb/lib.a(appletlib.o) (concat_path_file)
libbb/lib.a(default_error_retval.o)
                              libbb/lib.a(appletlib.o) (xfunc_error_retval)
libbb/lib.a(error_msg_and_die.o)
                              libbb/lib.a(appletlib.o) (xfunc_die)
libbb/lib.a(get_last_path_component.o)
                              libbb/lib.a(appletlib.o) (bb_get_last_path_component_nostrip)
libbb/lib.a(last_char_is.o)   libbb/lib.a(concat_path_file.o) (last_char_is)
libbb/lib.a(messages.o)       libbb/lib.a(appletlib.o) (bb_banner)
libbb/lib.a(perror_msg.o)     libbb/lib.a(appletlib.o) (bb_simple_perror_msg)
libbb/lib.a(verror_msg.o)     libbb/lib.a(error_msg_and_die.o) (bb_verror_msg)
libbb/lib.a(xfuncs.o)         libbb/lib.a(concat_path_file.o) (xasprintf)
libbb/lib.a(xreadlink.o)      libbb/lib.a(appletlib.o) (xmalloc_readlink)
libbb/lib.a(copyfd.o)         libbb/lib.a(xfuncs.o) (bb_copyfd_eof)
libbb/lib.a(error_msg.o)      libbb/lib.a(xfuncs.o) (bb_error_msg)
libbb/lib.a(full_write.o)     libbb/lib.a(verror_msg.o) (full_write)
libbb/lib.a(perror_msg_and_die.o)
                              libbb/lib.a(xfuncs.o) (bb_perror_msg_and_die)
libbb/lib.a(read.o)           libbb/lib.a(xfuncs.o) (safe_read)
libbb/lib.a(safe_write.o)     libbb/lib.a(full_write.o) (safe_write)
miscutils/lib.a(crond.o)      libbb/lib.a(appletlib.o) (crond_main)
miscutils/lib.a(crontab.o)    libbb/lib.a(appletlib.o) (crontab_main)
miscutils/lib.a(makedevs.o)   libbb/lib.a(appletlib.o) (makedevs_main)
modutils/lib.a(insmod.o)      libbb/lib.a(appletlib.o) (insmod_main)
modutils/lib.a(rmmod.o)       libbb/lib.a(appletlib.o) (rmmod_main)
networking/lib.a(ifconfig.o)  libbb/lib.a(appletlib.o) (ifconfig_main)
networking/lib.a(interface.o)
                              networking/lib.a(ifconfig.o) (display_interfaces)
networking/lib.a(netstat.o)   libbb/lib.a(appletlib.o) (netstat_main)
networking/lib.a(route.o)     networking/lib.a(netstat.o) (bb_displayroutes)
networking/lib.a(smuxctl.o)   libbb/lib.a(appletlib.o) (smuxctl_main)
networking/lib.a(traceroute.o)
                              libbb/lib.a(appletlib.o) (traceroute_main)
networking/lib.a(vconfig.o)   libbb/lib.a(appletlib.o) (vconfig_main)
procps/lib.a(kill.o)          libbb/lib.a(appletlib.o) (kill_main)
procps/lib.a(pgrep.o)         libbb/lib.a(appletlib.o) (pgrep_main)
procps/lib.a(ps.o)            libbb/lib.a(appletlib.o) (ps_main)
procps/lib.a(top.o)           libbb/lib.a(appletlib.o) (top_main)
shell/lib.a(ash.o)            libbb/lib.a(appletlib.o) (ash_main)
util-linux/lib.a(more.o)      libbb/lib.a(appletlib.o) (more_main)
util-linux/lib.a(mount.o)     libbb/lib.a(appletlib.o) (mount_main)
util-linux/lib.a(umount.o)    libbb/lib.a(appletlib.o) (umount_main)
atpconfig/lib.a(arp.o)        libbb/lib.a(appletlib.o) (arp_main)
atpconfig/lib.a(atpcommon.o)  libbb/lib.a(xfuncs.o) (ATPUpgradePrecheckProc)
atpconfig/lib.a(checkdebug.o)
                              libbb/lib.a(appletlib.o) (checkdebug_main)
atpconfig/lib.a(ftpgetput.o)  libbb/lib.a(appletlib.o) (ftpget_main)
atpconfig/lib.a(gplgethostbyname.o)
                              networking/lib.a(traceroute.o) (ATP_GPL_Gethostbyname)
atpconfig/lib.a(ping.o)       libbb/lib.a(appletlib.o) (ping_main)
atpconfig/lib.a(tftp.o)       libbb/lib.a(appletlib.o) (tftp_main)
atpconfig/lib.a(traceroute6.o)
                              libbb/lib.a(appletlib.o) (traceroute6_main)
atpconfig/lib.a(wget.o)       libbb/lib.a(appletlib.o) (wget_main)
archival/lib.a(gzip.o)        libbb/lib.a(appletlib.o) (gzip_main)
archival/lib.a(tar.o)         libbb/lib.a(appletlib.o) (tar_main)
archival/lib.a(bbunzip.o)     archival/lib.a(gzip.o) (bbunpack)
archival/libunarchive/lib.a(data_extract_all.o)
                              archival/lib.a(tar.o) (data_extract_all)
archival/libunarchive/lib.a(data_extract_to_stdout.o)
                              archival/lib.a(tar.o) (data_extract_to_stdout)
archival/libunarchive/lib.a(data_skip.o)
                              archival/libunarchive/lib.a(data_extract_all.o) (data_skip)
archival/libunarchive/lib.a(decompress_bunzip2.o)
                              libbb/lib.a(appletlib.o) (dealloc_bunzip)
archival/libunarchive/lib.a(decompress_uncompress.o)
                              archival/lib.a(tar.o) (uncompress)
archival/libunarchive/lib.a(filter_accept_reject_list.o)
                              archival/lib.a(tar.o) (filter_accept_reject_list)
archival/libunarchive/lib.a(find_list_entry.o)
                              archival/libunarchive/lib.a(filter_accept_reject_list.o) (find_list_entry2)
archival/libunarchive/lib.a(get_header_tar.o)
                              archival/lib.a(tar.o) (get_header_tar)
[...]
Memory Configuration

Name             Origin             Length             Attributes
*default*        0x0000000000000000 0xffffffffffffffff

Linker script and memory map

LOAD /usr/lib/gcc/x86_64-linux-gnu/4.4.7/../../../x86_64-linux-gnu/crt1.o
LOAD /usr/lib/gcc/x86_64-linux-gnu/4.4.7/../../../x86_64-linux-gnu/crti.o
LOAD /usr/lib/gcc/x86_64-linux-gnu/4.4.7/crtbegin.o
LOAD ../../gplutil/src//libgplutil.a
START GROUP
LOAD applets/built-in.o
LOAD archival/lib.a
LOAD archival/libunarchive/lib.a
LOAD console-tools/lib.a
LOAD coreutils/lib.a
LOAD coreutils/libcoreutils/lib.a
LOAD debianutils/lib.a
LOAD e2fsprogs/lib.a
LOAD editors/lib.a
LOAD findutils/lib.a
LOAD init/lib.a
LOAD ipsvd/lib.a
LOAD libbb/lib.a
LOAD libpwdgrp/lib.a
LOAD loginutils/lib.a
LOAD miscutils/lib.a
LOAD modutils/lib.a
LOAD networking/lib.a
LOAD networking/libiproute/lib.a
LOAD networking/udhcp/lib.a
LOAD procps/lib.a
LOAD runit/lib.a
LOAD selinux/lib.a
LOAD shell/lib.a
LOAD sysklogd/lib.a
LOAD util-linux/lib.a
LOAD atpconfig/lib.a
LOAD archival/built-in.o
LOAD archival/libunarchive/built-in.o
LOAD console-tools/built-in.o
LOAD coreutils/built-in.o
LOAD coreutils/libcoreutils/built-in.o
LOAD debianutils/built-in.o
LOAD e2fsprogs/built-in.o
LOAD editors/built-in.o
LOAD findutils/built-in.o
LOAD init/built-in.o
LOAD ipsvd/built-in.o
LOAD libbb/built-in.o
LOAD libpwdgrp/built-in.o
LOAD loginutils/built-in.o
LOAD miscutils/built-in.o
LOAD modutils/built-in.o
LOAD networking/built-in.o
LOAD networking/libiproute/built-in.o
LOAD networking/udhcp/built-in.o
LOAD procps/built-in.o
LOAD runit/built-in.o
LOAD selinux/built-in.o
LOAD shell/built-in.o
LOAD sysklogd/built-in.o
LOAD util-linux/built-in.o
LOAD atpconfig/built-in.o
END GROUP
START GROUP
LOAD /usr/lib/gcc/x86_64-linux-gnu/4.4.7/../../../x86_64-linux-gnu/libssl.so
END GROUP
LOAD /usr/lib/gcc/x86_64-linux-gnu/4.4.7/libgcc.a
LOAD /usr/lib/gcc/x86_64-linux-gnu/4.4.7/libgcc_s.so
LOAD /usr/lib/gcc/x86_64-linux-gnu/4.4.7/../../../x86_64-linux-gnu/libc.so
START GROUP
LOAD /lib/x86_64-linux-gnu/libc.so.6
LOAD /usr/lib/x86_64-linux-gnu/libc_nonshared.a
LOAD /lib/x86_64-linux-gnu/ld-linux-x86-64.so.2
END GROUP
LOAD /usr/lib/gcc/x86_64-linux-gnu/4.4.7/libgcc.a
LOAD /usr/lib/gcc/x86_64-linux-gnu/4.4.7/libgcc_s.so
LOAD /usr/lib/gcc/x86_64-linux-gnu/4.4.7/crtend.o
LOAD /usr/lib/gcc/x86_64-linux-gnu/4.4.7/../../../x86_64-linux-gnu/crtn.o
                0x0000000000400000                PROVIDE (__executable_start, 0x400000)
                0x0000000000400238                . = (0x400000 + SIZEOF_HEADERS)

.interp         0x0000000000400238       0x1c
 *(SORT(.interp))
 .interp        0x0000000000400238       0x1c /usr/lib/gcc/x86_64-linux-gnu/4.4.7/../../../x86_64-linux-gnu/crt1.o

.note.ABI-tag   0x0000000000400254       0x20
 .note.ABI-tag  0x0000000000400254       0x20 /usr/lib/gcc/x86_64-linux-gnu/4.4.7/../../../x86_64-linux-gnu/crt1.o

.note.gnu.build-id
                0x0000000000400274       0x24
 *(SORT(.note.gnu.build-id))
 .note.gnu.build-id
                0x0000000000400274       0x24 /usr/lib/gcc/x86_64-linux-gnu/4.4.7/../../../x86_64-linux-gnu/crt1.o

.hash
 *(SORT(.hash))

.gnu.hash       0x0000000000400298       0xa8
 *(SORT(.gnu.hash))
 .gnu.hash      0x0000000000400298       0xa8 /usr/lib/gcc/x86_64-linux-gnu/4.4.7/../../../x86_64-linux-gnu/crt1.o

.dynsym         0x0000000000400340     0x1b18
 *(SORT(.dynsym))
 .dynsym        0x0000000000400340     0x1b18 /usr/lib/gcc/x86_64-linux-gnu/4.4.7/../../../x86_64-linux-gnu/crt1.o

.dynstr         0x0000000000401e58      0xa4d
 *(SORT(.dynstr))
 .dynstr        0x0000000000401e58      0xa4d /usr/lib/gcc/x86_64-linux-gnu/4.4.7/../../../x86_64-linux-gnu/crt1.o

.gnu.version    0x00000000004028a6      0x242
 *(SORT(.gnu.version))
 .gnu.version   0x00000000004028a6      0x242 /usr/lib/gcc/x86_64-linux-gnu/4.4.7/../../../x86_64-linux-gnu/crt1.o

.gnu.version_d  0x0000000000402ae8        0x0
 *(SORT(.gnu.version_d))
 .gnu.version_d
                0x0000000000000000        0x0 /usr/lib/gcc/x86_64-linux-gnu/4.4.7/../../../x86_64-linux-gnu/crt1.o

.gnu.version_r  0x0000000000402ae8       0xd0
 *(SORT(.gnu.version_r))
 .gnu.version_r
                0x0000000000402ae8       0xd0 /usr/lib/gcc/x86_64-linux-gnu/4.4.7/../../../x86_64-linux-gnu/crt1.o

.rela.dyn       0x0000000000402bb8       0xc0
 *(SORT(.rela.init))
 *(SORT(.rela.text) SORT(.rela.text.*) SORT(.rela.gnu.linkonce.t.*))
 .rela.text     0x0000000000000000        0x0 /usr/lib/gcc/x86_64-linux-gnu/4.4.7/../../../x86_64-linux-gnu/crt1.o
 .rela.text.applet_name_compare
                0x0000000000000000        0x0 /usr/lib/gcc/x86_64-linux-gnu/4.4.7/../../../x86_64-linux-gnu/crt1.o
 .rela.text.lbb_prepare
                0x0000000000000000        0x0 /usr/lib/gcc/x86_64-linux-gnu/4.4.7/../../../x86_64-linux-gnu/crt1.o
 .rela.text.find_applet_by_name
                0x0000000000000000        0x0 /usr/lib/gcc/x86_64-linux-gnu/4.4.7/../../../x86_64-linux-gnu/crt1.o
 .rela.text.bb_show_usage
                0x0000000000000000        0x0 /usr/lib/gcc/x86_64-linux-gnu/4.4.7/../../../x86_64-linux-gnu/crt1.o
 .rela.text.run_applet_no_and_exit
                0x0000000000000000        0x0 /usr/lib/gcc/x86_64-linux-gnu/4.4.7/../../../x86_64-linux-gnu/crt1.o
 .rela.text.run_applet_and_exit
                0x0000000000000000        0x0 /usr/lib/gcc/x86_64-linux-gnu/4.4.7/../../../x86_64-linux-gnu/crt1.o
 .rela.text.main
                0x0000000000000000        0x0 /usr/lib/gcc/x86_64-linux-gnu/4.4.7/../../../x86_64-linux-gnu/crt1.o
 .rela.text.bb_basename
                0x0000000000000000        0x0 /usr/lib/gcc/x86_64-linux-gnu/4.4.7/../../../x86_64-linux-gnu/crt1.o
 .rela.text.concat_path_file
                0x0000000000000000        0x0 /usr/lib/gcc/x86_64-linux-gnu/4.4.7/../../../x86_64-linux-gnu/crt1.o
 .rela.text.xfunc_die
                0x0000000000000000        0x0 /usr/lib/gcc/x86_64-linux-gnu/4.4.7/../../../x86_64-linux-gnu/crt1.o
 .rela.text.bb_error_msg_and_die
                0x0000000000000000        0x0 /usr/lib/gcc/x86_64-linux-gnu/4.4.7/../../../x86_64-linux-gnu/crt1.o
 .rela.text.bb_get_last_path_component_nostrip
                0x0000000000000000        0x0 /usr/lib/gcc/x86_64-linux-gnu/4.4.7/../../../x86_64-linux-gnu/crt1.o
 .rela.text.bb_get_last_path_component_strip
                0x0000000000000000        0x0 /usr/lib/gcc/x86_64-linux-gnu/4.4.7/../../../x86_64-linux-gnu/crt1.o
 .rela.text.last_char_is
                0x0000000000000000        0x0 /usr/lib/gcc/x86_64-linux-gnu/4.4.7/../../../x86_64-linux-gnu/crt1.o
 .rela.text.bb_perror_msg
                0x0000000000000000        0x0 /usr/lib/gcc/x86_64-linux-gnu/4.4.7/../../../x86_64-linux-gnu/crt1.o
 .rela.text.bb_verror_msg
                0x0000000000000000        0x0 /usr/lib/gcc/x86_64-linux-gnu/4.4.7/../../../x86_64-linux-gnu/crt1.o
 .rela.text.bb_xioctl
                0x0000000000000000        0x0 /usr/lib/gcc/x86_64-linux-gnu/4.4.7/../../../x86_64-linux-gnu/crt1.o
 .rela.text.bb_ioctl_or_warn
                0x0000000000000000        0x0 /usr/lib/gcc/x86_64-linux-gnu/4.4.7/../../../x86_64-linux-gnu/crt1.o
 .rela.text.ioctl_or_perror
                0x0000000000000000        0x0 /usr/lib/gcc/x86_64-linux-gnu/4.4.7/../../../x86_64-linux-gnu/crt1.o
 .rela.text.ioctl_or_perror_and_die
                0x0000000000000000        0x0 /usr/lib/gcc/x86_64-linux-gnu/4.4.7/../../../x86_64-linux-gnu/crt1.o
 .rela.text.get_terminal_width_height
                0x0000000000000000        0x0 /usr/lib/gcc/x86_64-linux-gnu/4.4.7/../../../x86_64-linux-gnu/crt1.o
 .rela.text.xstat
                0x0000000000000000        0x0 /usr/lib/gcc/x86_64-linux-gnu/4.4.7/../../../x86_64-linux-gnu/crt1.o
 .rela.text.xsendto
                0x0000000000000000        0x0 /usr/lib/gcc/x86_64-linux-gnu/4.4.7/../../../x86_64-linux-gnu/crt1.o
 .rela.text.xlisten
                0x0000000000000000        0x0 /usr/lib/gcc/x86_64-linux-gnu/4.4.7/../../../x86_64-linux-gnu/crt1.o
 .rela.text.xbind
                0x0000000000000000        0x0 /usr/lib/gcc/x86_64-linux-gnu/4.4.7/../../../x86_64-linux-gnu/crt1.o
 .rela.text.xsocket
                0x0000000000000000        0x0 /usr/lib/gcc/x86_64-linux-gnu/4.4.7/../../../x86_64-linux-gnu/crt1.o
 .rela.text.xopendir
                0x0000000000000000        0x0 /usr/lib/gcc/x86_64-linux-gnu/4.4.7/../../../x86_64-linux-gnu/crt1.o
 .rela.text.warn_opendir
                0x0000000000000000        0x0 /usr/lib/gcc/x86_64-linux-gnu/4.4.7/../../../x86_64-linux-gnu/crt1.o
 .rela.text.xchdir
                0x0000000000000000        0x0 /usr/lib/gcc/x86_64-linux-gnu/4.4.7/../../../x86_64-linux-gnu/crt1.o
 .rela.text.xfflush_stdout
                0x0000000000000000        0x0 /usr/lib/gcc/x86_64-linux-gnu/4.4.7/../../../x86_64-linux-gnu/crt1.o
 .rela.text.xprint_and_close_file
                0x0000000000000000        0x0 /usr/lib/gcc/x86_64-linux-gnu/4.4.7/../../../x86_64-linux-gnu/crt1.o
 .rela.text.xasprintf
                0x0000000000000000        0x0 /usr/lib/gcc/x86_64-linux-gnu/4.4.7/../../../x86_64-linux-gnu/crt1.o
 .rela.text.bb_putchar
                0x0000000000000000        0x0 /usr/lib/gcc/x86_64-linux-gnu/4.4.7/../../../x86_64-linux-gnu/crt1.o
 .rela.text.xlseek
                0x0000000000000000        0x0 /usr/lib/gcc/x86_64-linux-gnu/4.4.7/../../../x86_64-linux-gnu/crt1.o
 .rela.text.fdlength
                0x0000000000000000        0x0 /usr/lib/gcc/x86_64-linux-gnu/4.4.7/../../../x86_64-linux-gnu/crt1.o
 .rela.text.xsetuid
                0x0000000000000000        0x0 /usr/lib/gcc/x86_64-linux-gnu/4.4.7/../../../x86_64-linux-gnu/crt1.o
 .rela.text.xsetgid
                0x0000000000000000        0x0 /usr/lib/gcc/x86_64-linux-gnu/4.4.7/../../../x86_64-linux-gnu/crt1.o
 .rela.text.xsetenv
                0x0000000000000000        0x0 /usr/lib/gcc/x86_64-linux-gnu/4.4.7/../../../x86_64-linux-gnu/crt1.o
 .rela.text.sig_pause
                0x0000000000000000        0x0 /usr/lib/gcc/x86_64-linux-gnu/4.4.7/../../../x86_64-linux-gnu/crt1.o
 .rela.text.sig_catch
                0x0000000000000000        0x0 /usr/lib/gcc/x86_64-linux-gnu/4.4.7/../../../x86_64-linux-gnu/crt1.o
 .rela.text.sig_unblock
                0x0000000000000000        0x0 /usr/lib/gcc/x86_64-linux-gnu/4.4.7/../../../x86_64-linux-gnu/crt1.o
 .rela.text.sig_block
                0x0000000000000000        0x0 /usr/lib/gcc/x86_64-linux-gnu/4.4.7/../../../x86_64-linux-gnu/crt1.o
 .rela.text.die_if_ferror
                0x0000000000000000        0x0 /usr/lib/gcc/x86_64-linux-gnu/4.4.7/../../../x86_64-linux-gnu/crt1.o
 .rela.text.die_if_ferror_stdout
                0x0000000000000000        0x0 /usr/lib/gcc/x86_64-linux-gnu/4.4.7/../../../x86_64-linux-gnu/crt1.o
 .rela.text.xwrite
                0x0000000000000000        0x0 /usr/lib/gcc/x86_64-linux-gnu/4.4.7/../../../x86_64-linux-gnu/crt1.o
 .rela.text.xdup2
                0x0000000000000000        0x0 /usr/lib/gcc/x86_64-linux-gnu/4.4.7/../../../x86_64-linux-gnu/crt1.o
 .rela.text.xmove_fd
                0x0000000000000000        0x0 /usr/lib/gcc/x86_64-linux-gnu/4.4.7/../../../x86_64-linux-gnu/crt1.o
 .rela.text.ndelay_off
                0x0000000000000000        0x0 /usr/lib/gcc/x86_64-linux-gnu/4.4.7/../../../x86_64-linux-gnu/crt1.o
 .rela.text.close_on_exec_on
                0x0000000000000000        0x0 /usr/lib/gcc/x86_64-linux-gnu/4.4.7/../../../x86_64-linux-gnu/crt1.o
 .rela.text.ndelay_on
                0x0000000000000000        0x0 /usr/lib/gcc/x86_64-linux-gnu/4.4.7/../../../x86_64-linux-gnu/crt1.o
 .rela.text.xunlink
                0x0000000000000000        0x0 /usr/lib/gcc/x86_64-linux-gnu/4.4.7/../../../x86_64-linux-gnu/crt1.o
 .rela.text.xpipe
                0x0000000000000000        0x0 /usr/lib/gcc/x86_64-linux-gnu/4.4.7/../../../x86_64-linux-gnu/crt1.o
 .rela.text.open3_or_warn
                0x0000000000000000        0x0 /usr/lib/gcc/x86_64-linux-gnu/4.4.7/../../../x86_64-linux-gnu/crt1.o
 .rela.text.xopen3
                0x0000000000000000        0x0 /usr/lib/gcc/x86_64-linux-gnu/4.4.7/../../../x86_64-linux-gnu/crt1.o
 .rela.text.xfopen
                0x0000000000000000        0x0 /usr/lib/gcc/x86_64-linux-gnu/4.4.7/../../../x86_64-linux-gnu/crt1.o
 .rela.text.xstrdup
                0x0000000000000000        0x0 /usr/lib/gcc/x86_64-linux-gnu/4.4.7/../../../x86_64-linux-gnu/crt1.o
 .rela.text.xrealloc
                0x0000000000000000        0x0 /usr/lib/gcc/x86_64-linux-gnu/4.4.7/../../../x86_64-linux-gnu/crt1.o
 .rela.text.xmalloc
                0x0000000000000000        0x0 /usr/lib/gcc/x86_64-linux-gnu/4.4.7/../../../x86_64-linux-gnu/crt1.o
 .rela.text.malloc_or_warn
                0x0000000000000000        0x0 /usr/lib/gcc/x86_64-linux-gnu/4.4.7/../../../x86_64-linux-gnu/crt1.o
 .rela.text.xmalloc_readlink
                0x0000000000000000        0x0 /usr/lib/gcc/x86_64-linux-gnu/4.4.7/../../../x86_64-linux-gnu/crt1.o
 .rela.text.xmalloc_readlink_or_warn
                0x0000000000000000        0x0 /usr/lib/gcc/x86_64-linux-gnu/4.4.7/../../../x86_64-linux-gnu/crt1.o
 .rela.text.xmalloc_follow_symlinks
                0x0000000000000000        0x0 /usr/lib/gcc/x86_64-linux-gnu/4.4.7/../../../x86_64-linux-gnu/crt1.o
 .rela.text.bb_full_fd_action
                0x0000000000000000        0x0 /usr/lib/gcc/x86_64-linux-gnu/4.4.7/../../../x86_64-linux-gnu/crt1.o
 .rela.text.bb_full_fd_action_tr143
                0x0000000000000000        0x0 /usr/lib/gcc/x86_64-linux-gnu/4.4.7/../../../x86_64-linux-gnu/crt1.o
 .rela.text.full_write
                0x0000000000000000        0x0 /usr/lib/gcc/x86_64-linux-gnu/4.4.7/../../../x86_64-linux-gnu/crt1.o
 .rela.text.bb_perror_msg_and_die
                0x0000000000000000        0x0 /usr/lib/gcc/x86_64-linux-gnu/4.4.7/../../../x86_64-linux-gnu/crt1.o
 .rela.text.safe_read
                0x0000000000000000        0x0 /usr/lib/gcc/x86_64-linux-gnu/4.4.7/../../../x86_64-linux-gnu/crt1.o
 .rela.text.xmalloc_reads
                0x0000000000000000        0x0 /usr/lib/gcc/x86_64-linux-gnu/4.4.7/../../../x86_64-linux-gnu/crt1.o
 .rela.text.read_close
                0x0000000000000000        0x0 /usr/lib/gcc/x86_64-linux-gnu/4.4.7/../../../x86_64-linux-gnu/crt1.o
 .rela.text.open_read_close
                0x0000000000000000        0x0 /usr/lib/gcc/x86_64-linux-gnu/4.4.7/../../../x86_64-linux-gnu/crt1.o
 .rela.text.reads
                0x0000000000000000        0x0 /usr/lib/gcc/x86_64-linux-gnu/4.4.7/../../../x86_64-linux-gnu/crt1.o
 .rela.text.safe_write
                0x0000000000000000        0x0 /usr/lib/gcc/x86_64-linux-gnu/4.4.7/../../../x86_64-linux-gnu/crt1.o
 .rela.text.DeleteFile
                0x0000000000000000        0x0 /usr/lib/gcc/x86_64-linux-gnu/4.4.7/../../../x86_64-linux-gnu/crt1.o
 .rela.text.ParseField
                0x0000000000000000        0x0 /usr/lib/gcc/x86_64-linux-gnu/4.4.7/../../../x86_64-linux-gnu/crt1.o
 .rela.text.SynchronizeFile
                0x0000000000000000        0x0 /usr/lib/gcc/x86_64-linux-gnu/4.4.7/../../../x86_64-linux-gnu/crt1.o
 .rela.text.SynchronizeDir
                0x0000000000000000        0x0 /usr/lib/gcc/x86_64-linux-gnu/4.4.7/../../../x86_64-linux-gnu/crt1.o
 .rela.text.CheckUpdates
                0x0000000000000000        0x0 /usr/lib/gcc/x86_64-linux-gnu/4.4.7/../../../x86_64-linux-gnu/crt1.o
 .rela.text.crond_main
                0x0000000000000000        0x0 /usr/lib/gcc/x86_64-linux-gnu/4.4.7/../../../x86_64-linux-gnu/crt1.o
 .rela.text.ChangeUser
                0x0000000000000000        0x0 /usr/lib/gcc/x86_64-linux-gnu/4.4.7/../../../x86_64-linux-gnu/crt1.o
 .rela.text.crontab_main
                0x0000000000000000        0x0 /usr/lib/gcc/x86_64-linux-gnu/4.4.7/../../../x86_64-linux-gnu/crt1.o
 .rela.text.makedevs_main
                0x0000000000000000        0x0 /usr/lib/gcc/x86_64-linux-gnu/4.4.7/../../../x86_64-linux-gnu/crt1.o
 .rela.text.insmod_main
                0x0000000000000000        0x0 /usr/lib/gcc/x86_64-linux-gnu/4.4.7/../../../x86_64-linux-gnu/crt1.o
 .rela.text.rmmod_main
                0x0000000000000000        0x0 /usr/lib/gcc/x86_64-linux-gnu/4.4.7/../../../x86_64-linux-gnu/crt1.o
 .rela.text.ifconfig_main
                0x0000000000000000        0x0 /usr/lib/gcc/x86_64-linux-gnu/4.4.7/../../../x86_64-linux-gnu/crt1.o
 .rela.text.get_hwtype
                0x0000000000000000        0x0 /usr/lib/gcc/x86_64-linux-gnu/4.4.7/../../../x86_64-linux-gnu/crt1.o
 .rela.text.get_aftype
                0x0000000000000000        0x0 /usr/lib/gcc/x86_64-linux-gnu/4.4.7/../../../x86_64-linux-gnu/crt1.o
 .rela.text.add_interface
                0x0000000000000000        0x0 /usr/lib/gcc/x86_64-linux-gnu/4.4.7/../../../x86_64-linux-gnu/crt1.o
 .rela.text.if_readconf
                0x0000000000000000        0x0 /usr/lib/gcc/x86_64-linux-gnu/4.4.7/../../../x86_64-linux-gnu/crt1.o
 .rela.text.if_readlist_proc
                0x0000000000000000        0x0 /usr/lib/gcc/x86_64-linux-gnu/4.4.7/../../../x86_64-linux-gnu/crt1.o
 .rela.text.INET6_input
                0x0000000000000000        0x0 /usr/lib/gcc/x86_64-linux-gnu/4.4.7/../../../x86_64-linux-gnu/crt1.o
 .rela.text.INET_input
                0x0000000000000000        0x0 /usr/lib/gcc/x86_64-linux-gnu/4.4.7/../../../x86_64-linux-gnu/crt1.o
 .rela.text.INET_sprint
                0x0000000000000000        0x0 /usr/lib/gcc/x86_64-linux-gnu/4.4.7/../../../x86_64-linux-gnu/crt1.o
 .rela.text.UNSPEC_print
                0x0000000000000000        0x0 /usr/lib/gcc/x86_64-linux-gnu/4.4.7/../../../x86_64-linux-gnu/crt1.o
 .rela.text.INET6_sprint
                0x0000000000000000        0x0 /usr/lib/gcc/x86_64-linux-gnu/4.4.7/../../../x86_64-linux-gnu/crt1.o
 .rela.text.print_bytes_scaled
                0x0000000000000000        0x0 /usr/lib/gcc/x86_64-linux-gnu/4.4.7/../../../x86_64-linux-gnu/crt1.o
 .rela.text.ife_print
                0x0000000000000000        0x0 /usr/lib/gcc/x86_64-linux-gnu/4.4.7/../../../x86_64-linux-gnu/crt1.o
 .rela.text.pr_ether
                0x0000000000000000        0x0 /usr/lib/gcc/x86_64-linux-gnu/4.4.7/../../../x86_64-linux-gnu/crt1.o
 .rela.text.do_if_fetch
                0x0000000000000000        0x0 /usr/lib/gcc/x86_64-linux-gnu/4.4.7/../../../x86_64-linux-gnu/crt1.o
 .rela.text.display_interfaces
                0x0000000000000000        0x0 /usr/lib/gcc/x86_64-linux-gnu/4.4.7/../../../x86_64-linux-gnu/crt1.o
 .rela.text.do_info
                0x0000000000000000        0x0 /usr/lib/gcc/x86_64-linux-gnu/4.4.7/../../../x86_64-linux-gnu/crt1.o
 .rela.text.netstat_main
                0x0000000000000000        0x0 /usr/lib/gcc/x86_64-linux-gnu/4.4.7/../../../x86_64-linux-gnu/crt1.o
 .rela.text.build_ipv4_addr
                0x0000000000000000        0x0 /usr/lib/gcc/x86_64-linux-gnu/4.4.7/../../../x86_64-linux-gnu/crt1.o
 .rela.text.build_ipv6_addr
                0x0000000000000000        0x0 /usr/lib/gcc/x86_64-linux-gnu/4.4.7/../../../x86_64-linux-gnu/crt1.o
 .rela.text.ip_port_str
                0x0000000000000000        0x0 /usr/lib/gcc/x86_64-linux-gnu/4.4.7/../../../x86_64-linux-gnu/crt1.o
 .rela.text.raw_do_one
                0x0000000000000000        0x0 /usr/lib/gcc/x86_64-linux-gnu/4.4.7/../../../x86_64-linux-gnu/crt1.o
 .rela.text.udp_do_one
                0x0000000000000000        0x0 /usr/lib/gcc/x86_64-linux-gnu/4.4.7/../../../x86_64-linux-gnu/crt1.o
 .rela.text.tcp_do_one
                0x0000000000000000        0x0 /usr/lib/gcc/x86_64-linux-gnu/4.4.7/../../../x86_64-linux-gnu/crt1.o
 .rela.text.unix_do_one
                0x0000000000000000        0x0 /usr/lib/gcc/x86_64-linux-gnu/4.4.7/../../../x86_64-linux-gnu/crt1.o
 .rela.text.kw_lookup
                0x0000000000000000        0x0 /usr/lib/gcc/x86_64-linux-gnu/4.4.7/../../../x86_64-linux-gnu/crt1.o
 .rela.text.INET6_displayroutes
                0x0000000000000000        0x0 /usr/lib/gcc/x86_64-linux-gnu/4.4.7/../../../x86_64-linux-gnu/crt1.o
 .rela.text.bb_displayroutes
                0x0000000000000000        0x0 /usr/lib/gcc/x86_64-linux-gnu/4.4.7/../../../x86_64-linux-gnu/crt1.o
 .rela.text.route_main
                0x0000000000000000        0x0 /usr/lib/gcc/x86_64-linux-gnu/4.4.7/../../../x86_64-linux-gnu/crt1.o
 .rela.text.xfind_str
                0x0000000000000000        0x0 /usr/lib/gcc/x86_64-linux-gnu/4.4.7/../../../x86_64-linux-gnu/crt1.o
 .rela.text.smuxctl_main
                0x0000000000000000        0x0 /usr/lib/gcc/x86_64-linux-gnu/4.4.7/../../../x86_64-linux-gnu/crt1.o
 .rela.text.freehostinfo
                0x0000000000000000        0x0 /usr/lib/gcc/x86_64-linux-gnu/4.4.7/../../../x86_64-linux-gnu/crt1.o
 .rela.text.gethostinfo
                0x0000000000000000        0x0 /usr/lib/gcc/x86_64-linux-gnu/4.4.7/../../../x86_64-linux-gnu/crt1.o
 .rela.text.TRouteToLogWeb
                0x0000000000000000        0x0 /usr/lib/gcc/x86_64-linux-gnu/4.4.7/../../../x86_64-linux-gnu/crt1.o
 .rela.text.ifaddrlist
                0x0000000000000000        0x0 /usr/lib/gcc/x86_64-linux-gnu/4.4.7/../../../x86_64-linux-gnu/crt1.o
 .rela.text.traceroute_main
                0x0000000000000000        0x0 /usr/lib/gcc/x86_64-linux-gnu/4.4.7/../../../x86_64-linux-gnu/crt1.o
 .rela.text.vconfig_main
                0x0000000000000000        0x0 /usr/lib/gcc/x86_64-linux-gnu/4.4.7/../../../x86_64-linux-gnu/crt1.o
 .rela.text.kill_main
                0x0000000000000000        0x0 /usr/lib/gcc/x86_64-linux-gnu/4.4.7/../../../x86_64-linux-gnu/crt1.o
 .rela.text.T.11
                0x0000000000000000        0x0 /usr/lib/gcc/x86_64-linux-gnu/4.4.7/../../../x86_64-linux-gnu/crt1.o
 .rela.text.pgrep_main
                0x0000000000000000        0x0 /usr/lib/gcc/x86_64-linux-gnu/4.4.7/../../../x86_64-linux-gnu/crt1.o
 .rela.text.ps_main
                0x0000000000000000        0x0 /usr/lib/gcc/x86_64-linux-gnu/4.4.7/../../../x86_64-linux-gnu/crt1.o
 .rela.text.mult_lvl_cmp
                0x0000000000000000        0x0 /usr/lib/gcc/x86_64-linux-gnu/4.4.7/../../../x86_64-linux-gnu/crt1.o
 .rela.text.reset_term
                0x0000000000000000        0x0 /usr/lib/gcc/x86_64-linux-gnu/4.4.7/../../../x86_64-linux-gnu/crt1.o
 .rela.text.do_stats
                0x0000000000000000        0x0 /usr/lib/gcc/x86_64-linux-gnu/4.4.7/../../../x86_64-linux-gnu/crt1.o
 .rela.text.display_process_list
                0x0000000000000000        0x0 /usr/lib/gcc/x86_64-linux-gnu/4.4.7/../../../x86_64-linux-gnu/crt1.o
 .rela.text.clearmems
                0x0000000000000000        0x0 /usr/lib/gcc/x86_64-linux-gnu/4.4.7/../../../x86_64-linux-gnu/crt1.o
 .rela.text.sig_catcher
                0x0000000000000000        0x0 /usr/lib/gcc/x86_64-linux-gnu/4.4.7/../../../x86_64-linux-gnu/crt1.o
 .rela.text.top_main
                0x0000000000000000        0x0 /usr/lib/gcc/x86_64-linux-gnu/4.4.7/../../../x86_64-linux-gnu/crt1.o
 .rela.text.lookupvar
                0x0000000000000000        0x0 /usr/lib/gcc/x86_64-linux-gnu/4.4.7/../../../x86_64-linux-gnu/crt1.o
 .rela.text.bltinlookup
                0x0000000000000000        0x0 /usr/lib/gcc/x86_64-linux-gnu/4.4.7/../../../x86_64-linux-gnu/crt1.o
 .rela.text.calcsize
                0x0000000000000000        0x0 /usr/lib/gcc/x86_64-linux-gnu/4.4.7/../../../x86_64-linux-gnu/crt1.o
 .rela.text.ignoresig
                0x0000000000000000        0x0 /usr/lib/gcc/x86_64-linux-gnu/4.4.7/../../../x86_64-linux-gnu/crt1.o
 .rela.text.SIT
                0x0000000000000000        0x0 /usr/lib/gcc/x86_64-linux-gnu/4.4.7/../../../x86_64-linux-gnu/crt1.o
 .rela.text.endofname
                0x0000000000000000        0x0 /usr/lib/gcc/x86_64-linux-gnu/4.4.7/../../../x86_64-linux-gnu/crt1.o
 .rela.text.freealias
                0x0000000000000000        0x0 /usr/lib/gcc/x86_64-linux-gnu/4.4.7/../../../x86_64-linux-gnu/crt1.o
 .rela.text.freefunc
                0x0000000000000000        0x0 /usr/lib/gcc/x86_64-linux-gnu/4.4.7/../../../x86_64-linux-gnu/crt1.o
 .rela.text.freeparam
                0x0000000000000000        0x0 /usr/lib/gcc/x86_64-linux-gnu/4.4.7/../../../x86_64-linux-gnu/crt1.o
 .rela.text.scanright
                0x0000000000000000        0x0 /usr/lib/gcc/x86_64-linux-gnu/4.4.7/../../../x86_64-linux-gnu/crt1.o
 .rela.text.scanleft
                0x0000000000000000        0x0 /usr/lib/gcc/x86_64-linux-gnu/4.4.7/../../../x86_64-linux-gnu/crt1.o
 .rela.text.__lookupalias
                0x0000000000000000        0x0 /usr/lib/gcc/x86_64-linux-gnu/4.4.7/../../../x86_64-linux-gnu/crt1.o
 .rela.text.msort
                0x0000000000000000        0x0 /usr/lib/gcc/x86_64-linux-gnu/4.4.7/../../../x86_64-linux-gnu/crt1.o
 .rela.text.pstrcmp
                0x0000000000000000        0x0 /usr/lib/gcc/x86_64-linux-gnu/4.4.7/../../../x86_64-linux-gnu/crt1.o
 .rela.text.setsignal
                0x0000000000000000        0x0 /usr/lib/gcc/x86_64-linux-gnu/4.4.7/../../../x86_64-linux-gnu/crt1.o
 .rela.text.nodeckstrdup
                0x0000000000000000        0x0 /usr/lib/gcc/x86_64-linux-gnu/4.4.7/../../../x86_64-linux-gnu/crt1.o
 .rela.text.raise_exception
                0x0000000000000000        0x0 /usr/lib/gcc/x86_64-linux-gnu/4.4.7/../../../x86_64-linux-gnu/crt1.o
 .rela.text.raise_interrupt
                0x0000000000000000        0x0 /usr/lib/gcc/x86_64-linux-gnu/4.4.7/../../../x86_64-linux-gnu/crt1.o
 .rela.text.fmtstr
                0x0000000000000000        0x0 /usr/lib/gcc/x86_64-linux-gnu/4.4.7/../../../x86_64-linux-gnu/crt1.o
 .rela.text.sprint_status
                0x0000000000000000        0x0 /usr/lib/gcc/x86_64-linux-gnu/4.4.7/../../../x86_64-linux-gnu/crt1.o
 .rela.text.removerecordregions
                0x0000000000000000        0x0 /usr/lib/gcc/x86_64-linux-gnu/4.4.7/../../../x86_64-linux-gnu/crt1.o
 .rela.text.freejob
                0x0000000000000000        0x0 /usr/lib/gcc/x86_64-linux-gnu/4.4.7/../../../x86_64-linux-gnu/crt1.o
 .rela.text.popstring
                0x0000000000000000        0x0 /usr/lib/gcc/x86_64-linux-gnu/4.4.7/../../../x86_64-linux-gnu/crt1.o
 .rela.text.popfile
                0x0000000000000000        0x0 /usr/lib/gcc/x86_64-linux-gnu/4.4.7/../../../x86_64-linux-gnu/crt1.o
 .rela.text.outstr
                0x0000000000000000        0x0 /usr/lib/gcc/x86_64-linux-gnu/4.4.7/../../../x86_64-linux-gnu/crt1.o
 .rela.text.out1str
                0x0000000000000000        0x0 /usr/lib/gcc/x86_64-linux-gnu/4.4.7/../../../x86_64-linux-gnu/crt1.o
 .rela.text.flush_stderr
                0x0000000000000000        0x0 /usr/lib/gcc/x86_64-linux-gnu/4.4.7/../../../x86_64-linux-gnu/crt1.o
 .rela.text.out2str
                0x0000000000000000        0x0 /usr/lib/gcc/x86_64-linux-gnu/4.4.7/../../../x86_64-linux-gnu/crt1.o
 .rela.text.dowait
                0x0000000000000000        0x0 /usr/lib/gcc/x86_64-linux-gnu/4.4.7/../../../x86_64-linux-gnu/crt1.o
 .rela.text.popstackmark
                0x0000000000000000        0x0 /usr/lib/gcc/x86_64-linux-gnu/4.4.7/../../../x86_64-linux-gnu/crt1.o
 .rela.text.flush_stdout_stderr
                0x0000000000000000        0x0 /usr/lib/gcc/x86_64-linux-gnu/4.4.7/../../../x86_64-linux-gnu/crt1.o
 .rela.text.delete_cmd_entry
                0x0000000000000000        0x0 /usr/lib/gcc/x86_64-linux-gnu/4.4.7/../../../x86_64-linux-gnu/crt1.o
 .rela.text.clearcmdentry
                0x0000000000000000        0x0 /usr/lib/gcc/x86_64-linux-gnu/4.4.7/../../../x86_64-linux-gnu/crt1.o
 .rela.text.noclobberopen
                0x0000000000000000        0x0 /usr/lib/gcc/x86_64-linux-gnu/4.4.7/../../../x86_64-linux-gnu/crt1.o
 .rela.text.errmsg
                0x0000000000000000        0x0 /usr/lib/gcc/x86_64-linux-gnu/4.4.7/../../../x86_64-linux-gnu/crt1.o
 .rela.text.pgetc
                0x0000000000000000        0x0 /usr/lib/gcc/x86_64-linux-gnu/4.4.7/../../../x86_64-linux-gnu/crt1.o
 .rela.text.tokname
                0x0000000000000000        0x0 /usr/lib/gcc/x86_64-linux-gnu/4.4.7/../../../x86_64-linux-gnu/crt1.o
 .rela.text.findkwd
                0x0000000000000000        0x0 /usr/lib/gcc/x86_64-linux-gnu/4.4.7/../../../x86_64-linux-gnu/crt1.o
 .rela.text.find_builtin
                0x0000000000000000        0x0 /usr/lib/gcc/x86_64-linux-gnu/4.4.7/../../../x86_64-linux-gnu/crt1.o
 .rela.text.out1fmt
                0x0000000000000000        0x0 /usr/lib/gcc/x86_64-linux-gnu/4.4.7/../../../x86_64-linux-gnu/crt1.o
 .rela.text.timescmd
                0x0000000000000000        0x0 /usr/lib/gcc/x86_64-linux-gnu/4.4.7/../../../x86_64-linux-gnu/crt1.o
 .rela.text.echocmd
                0x0000000000000000        0x0 /usr/lib/gcc/x86_64-linux-gnu/4.4.7/../../../x86_64-linux-gnu/crt1.o
 .rela.text.testcmd
                0x0000000000000000        0x0 /usr/lib/gcc/x86_64-linux-gnu/4.4.7/../../../x86_64-linux-gnu/crt1.o
 .rela.text.evalbltin
                0x0000000000000000        0x0 /usr/lib/gcc/x86_64-linux-gnu/4.4.7/../../../x86_64-linux-gnu/crt1.o
 .rela.text.T.860
                0x0000000000000000        0x0 /usr/lib/gcc/x86_64-linux-gnu/4.4.7/../../../x86_64-linux-gnu/crt1.o
 .rela.text.showpipe
                0x0000000000000000        0x0 /usr/lib/gcc/x86_64-linux-gnu/4.4.7/../../../x86_64-linux-gnu/crt1.o
 .rela.text.showjob
                0x0000000000000000        0x0 /usr/lib/gcc/x86_64-linux-gnu/4.4.7/../../../x86_64-linux-gnu/crt1.o
 .rela.text.ash_vmsg
                0x0000000000000000        0x0 /usr/lib/gcc/x86_64-linux-gnu/4.4.7/../../../x86_64-linux-gnu/crt1.o
 .rela.text.ckrealloc
                0x0000000000000000        0x0 /usr/lib/gcc/x86_64-linux-gnu/4.4.7/../../../x86_64-linux-gnu/crt1.o
 .rela.text.cmdlookup
                0x0000000000000000        0x0 /usr/lib/gcc/x86_64-linux-gnu/4.4.7/../../../x86_64-linux-gnu/crt1.o
 .rela.text.setinputstring
                0x0000000000000000        0x0 /usr/lib/gcc/x86_64-linux-gnu/4.4.7/../../../x86_64-linux-gnu/crt1.o
 .rela.text.pushstring
                0x0000000000000000        0x0 /usr/lib/gcc/x86_64-linux-gnu/4.4.7/../../../x86_64-linux-gnu/crt1.o
 .rela.text.tryexec
                0x0000000000000000        0x0 /usr/lib/gcc/x86_64-linux-gnu/4.4.7/../../../x86_64-linux-gnu/crt1.o
 .rela.text.ckstrdup
                0x0000000000000000        0x0 /usr/lib/gcc/x86_64-linux-gnu/4.4.7/../../../x86_64-linux-gnu/crt1.o
 .rela.text.setvareq
                0x0000000000000000        0x0 /usr/lib/gcc/x86_64-linux-gnu/4.4.7/../../../x86_64-linux-gnu/crt1.o
 .rela.text.setvar
                0x0000000000000000        0x0 /usr/lib/gcc/x86_64-linux-gnu/4.4.7/../../../x86_64-linux-gnu/crt1.o
 .rela.text.arith
                0x0000000000000000        0x0 /usr/lib/gcc/x86_64-linux-gnu/4.4.7/../../../x86_64-linux-gnu/crt1.o
 .rela.text.arith_lookup_val
                0x0000000000000000        0x0 /usr/lib/gcc/x86_64-linux-gnu/4.4.7/../../../x86_64-linux-gnu/crt1.o
 .rela.text.unsetvar
                0x0000000000000000        0x0 /usr/lib/gcc/x86_64-linux-gnu/4.4.7/../../../x86_64-linux-gnu/crt1.o
 .rela.text.setvarsafe
                0x0000000000000000        0x0 /usr/lib/gcc/x86_64-linux-gnu/4.4.7/../../../x86_64-linux-gnu/crt1.o
 .rela.text.localcmd
                0x0000000000000000        0x0 /usr/lib/gcc/x86_64-linux-gnu/4.4.7/../../../x86_64-linux-gnu/crt1.o
 .rela.text.setpwd
                0x0000000000000000        0x0 /usr/lib/gcc/x86_64-linux-gnu/4.4.7/../../../x86_64-linux-gnu/crt1.o
 .rela.text.xtcsetpgrp
                0x0000000000000000        0x0 /usr/lib/gcc/x86_64-linux-gnu/4.4.7/../../../x86_64-linux-gnu/crt1.o
 .rela.text.waitforjob
                0x0000000000000000        0x0 /usr/lib/gcc/x86_64-linux-gnu/4.4.7/../../../x86_64-linux-gnu/crt1.o
 .rela.text.setjobctl
                0x0000000000000000        0x0 /usr/lib/gcc/x86_64-linux-gnu/4.4.7/../../../x86_64-linux-gnu/crt1.o
 .rela.text.copyfd
                0x0000000000000000        0x0 /usr/lib/gcc/x86_64-linux-gnu/4.4.7/../../../x86_64-linux-gnu/crt1.o
 .rela.text.popredir
                0x0000000000000000        0x0 /usr/lib/gcc/x86_64-linux-gnu/4.4.7/../../../x86_64-linux-gnu/crt1.o
 .rela.text.raise_error_unexpected_syntax
                0x0000000000000000        0x0 /usr/lib/gcc/x86_64-linux-gnu/4.4.7/../../../x86_64-linux-gnu/crt1.o
 .rela.text.ststrdup
                0x0000000000000000        0x0 /usr/lib/gcc/x86_64-linux-gnu/4.4.7/../../../x86_64-linux-gnu/crt1.o
 .rela.text.expmeta
                0x0000000000000000        0x0 /usr/lib/gcc/x86_64-linux-gnu/4.4.7/../../../x86_64-linux-gnu/crt1.o
 .rela.text.stack_putstr
                0x0000000000000000        0x0 /usr/lib/gcc/x86_64-linux-gnu/4.4.7/../../../x86_64-linux-gnu/crt1.o
 .rela.text.cmdputs
                0x0000000000000000        0x0 /usr/lib/gcc/x86_64-linux-gnu/4.4.7/../../../x86_64-linux-gnu/crt1.o
 .rela.text._rmescapes
                0x0000000000000000        0x0 /usr/lib/gcc/x86_64-linux-gnu/4.4.7/../../../x86_64-linux-gnu/crt1.o
 .rela.text.single_quote
                0x0000000000000000        0x0 /usr/lib/gcc/x86_64-linux-gnu/4.4.7/../../../x86_64-linux-gnu/crt1.o
 .rela.text.aliascmd
                0x0000000000000000        0x0 /usr/lib/gcc/x86_64-linux-gnu/4.4.7/../../../x86_64-linux-gnu/crt1.o
 .rela.text.showvars
                0x0000000000000000        0x0 /usr/lib/gcc/x86_64-linux-gnu/4.4.7/../../../x86_64-linux-gnu/crt1.o
 .rela.text.padvance
                0x0000000000000000        0x0 /usr/lib/gcc/x86_64-linux-gnu/4.4.7/../../../x86_64-linux-gnu/crt1.o
 .rela.text.readtoken1
                0x0000000000000000        0x0 /usr/lib/gcc/x86_64-linux-gnu/4.4.7/../../../x86_64-linux-gnu/crt1.o
 .rela.text.xxreadtoken
                0x0000000000000000        0x0 /usr/lib/gcc/x86_64-linux-gnu/4.4.7/../../../x86_64-linux-gnu/crt1.o
 .rela.text.parsefname
                0x0000000000000000        0x0 /usr/lib/gcc/x86_64-linux-gnu/4.4.7/../../../x86_64-linux-gnu/crt1.o
 .rela.text.forkshell
                0x0000000000000000        0x0 /usr/lib/gcc/x86_64-linux-gnu/4.4.7/../../../x86_64-linux-gnu/crt1.o
 .rela.text.unaliascmd
                0x0000000000000000        0x0 /usr/lib/gcc/x86_64-linux-gnu/4.4.7/../../../x86_64-linux-gnu/crt1.o
 .rela.text.exportcmd
                0x0000000000000000        0x0 /usr/lib/gcc/x86_64-linux-gnu/4.4.7/../../../x86_64-linux-gnu/crt1.o
 .rela.text.number
                0x0000000000000000        0x0 /usr/lib/gcc/x86_64-linux-gnu/4.4.7/../../../x86_64-linux-gnu/crt1.o
 .rela.text.getjob
                0x0000000000000000        0x0 /usr/lib/gcc/x86_64-linux-gnu/4.4.7/../../../x86_64-linux-gnu/crt1.o
 .rela.text.jobscmd
                0x0000000000000000        0x0 /usr/lib/gcc/x86_64-linux-gnu/4.4.7/../../../x86_64-linux-gnu/crt1.o
 .rela.text.fg_bgcmd
                0x0000000000000000        0x0 /usr/lib/gcc/x86_64-linux-gnu/4.4.7/../../../x86_64-linux-gnu/crt1.o
 .rela.text.killcmd
                0x0000000000000000        0x0 /usr/lib/gcc/x86_64-linux-gnu/4.4.7/../../../x86_64-linux-gnu/crt1.o
 .rela.text.shiftcmd
                0x0000000000000000        0x0 /usr/lib/gcc/x86_64-linux-gnu/4.4.7/../../../x86_64-linux-gnu/crt1.o
 .rela.text.getoptscmd
                0x0000000000000000        0x0 /usr/lib/gcc/x86_64-linux-gnu/4.4.7/../../../x86_64-linux-gnu/crt1.o
 .rela.text.umaskcmd
                0x0000000000000000        0x0 /usr/lib/gcc/x86_64-linux-gnu/4.4.7/../../../x86_64-linux-gnu/crt1.o
 .rela.text.options
                0x0000000000000000        0x0 /usr/lib/gcc/x86_64-linux-gnu/4.4.7/../../../x86_64-linux-gnu/crt1.o
 .rela.text.ulimitcmd
                0x0000000000000000        0x0 /usr/lib/gcc/x86_64-linux-gnu/4.4.7/../../../x86_64-linux-gnu/crt1.o
 .rela.text.setinputfile
                0x0000000000000000        0x0 /usr/lib/gcc/x86_64-linux-gnu/4.4.7/../../../x86_64-linux-gnu/crt1.o
 .rela.text.trapcmd
                0x0000000000000000        0x0 /usr/lib/gcc/x86_64-linux-gnu/4.4.7/../../../x86_64-linux-gnu/crt1.o
 .rela.text.readcmd
                0x0000000000000000        0x0 /usr/lib/gcc/x86_64-linux-gnu/4.4.7/../../../x86_64-linux-gnu/crt1.o
 .rela.text.cdcmd
                0x0000000000000000        0x0 /usr/lib/gcc/x86_64-linux-gnu/4.4.7/../../../x86_64-linux-gnu/crt1.o
 .rela.text.shellexec
                0x0000000000000000        0x0 /usr/lib/gcc/x86_64-linux-gnu/4.4.7/../../../x86_64-linux-gnu/crt1.o
 .rela.text.expandarg
                0x0000000000000000        0x0 /usr/lib/gcc/x86_64-linux-gnu/4.4.7/../../../x86_64-linux-gnu/crt1.o
 .rela.text.redirect
                0x0000000000000000        0x0 /usr/lib/gcc/x86_64-linux-gnu/4.4.7/../../../x86_64-linux-gnu/crt1.o
 .rela.text.redirectsafe
                0x0000000000000000        0x0 /usr/lib/gcc/x86_64-linux-gnu/4.4.7/../../../x86_64-linux-gnu/crt1.o
 .rela.text.exitshell
                0x0000000000000000        0x0 /usr/lib/gcc/x86_64-linux-gnu/4.4.7/../../../x86_64-linux-gnu/crt1.o
 .rela.text.argstr
                0x0000000000000000        0x0 /usr/lib/gcc/x86_64-linux-gnu/4.4.7/../../../x86_64-linux-gnu/crt1.o
 .rela.text.subevalvar
                0x0000000000000000        0x0 /usr/lib/gcc/x86_64-linux-gnu/4.4.7/../../../x86_64-linux-gnu/crt1.o
 .rela.text.evalvar
                0x0000000000000000        0x0 /usr/lib/gcc/x86_64-linux-gnu/4.4.7/../../../x86_64-linux-gnu/crt1.o
 .rela.text.cmdloop
                0x0000000000000000        0x0 /usr/lib/gcc/x86_64-linux-gnu/4.4.7/../../../x86_64-linux-gnu/crt1.o
 .rela.text.find_command
                0x0000000000000000        0x0 /usr/lib/gcc/x86_64-linux-gnu/4.4.7/../../../x86_64-linux-gnu/crt1.o
 .rela.text.describe_command
                0x0000000000000000        0x0 /usr/lib/gcc/x86_64-linux-gnu/4.4.7/../../../x86_64-linux-gnu/crt1.o
 .rela.text.evalpipe
                0x0000000000000000        0x0 /usr/lib/gcc/x86_64-linux-gnu/4.4.7/../../../x86_64-linux-gnu/crt1.o
 .rela.text.dotcmd
                0x0000000000000000        0x0 /usr/lib/gcc/x86_64-linux-gnu/4.4.7/../../../x86_64-linux-gnu/crt1.o
 .rela.text.ash_main
                0x0000000000000000        0x0 /usr/lib/gcc/x86_64-linux-gnu/4.4.7/../../../x86_64-linux-gnu/crt1.o
 .rela.text.evalfun
                0x0000000000000000        0x0 /usr/lib/gcc/x86_64-linux-gnu/4.4.7/../../../x86_64-linux-gnu/crt1.o
 .rela.text.evalcase
                0x0000000000000000        0x0 /usr/lib/gcc/x86_64-linux-gnu/4.4.7/../../../x86_64-linux-gnu/crt1.o
 .rela.text.evalcommand
                0x0000000000000000        0x0 /usr/lib/gcc/x86_64-linux-gnu/4.4.7/../../../x86_64-linux-gnu/crt1.o
 .rela.text.more_main
                0x0000000000000000        0x0 /usr/lib/gcc/x86_64-linux-gnu/4.4.7/../../../x86_64-linux-gnu/crt1.o
 .rela.text.gotsig
                0x0000000000000000        0x0 /usr/lib/gcc/x86_64-linux-gnu/4.4.7/../../../x86_64-linux-gnu/crt1.o
 .rela.text.append_mount_options
                0x0000000000000000        0x0 /usr/lib/gcc/x86_64-linux-gnu/4.4.7/../../../x86_64-linux-gnu/crt1.o
 .rela.text.parse_mount_options
                0x0000000000000000        0x0 /usr/lib/gcc/x86_64-linux-gnu/4.4.7/../../../x86_64-linux-gnu/crt1.o
 .rela.text.mount_it_now
                0x0000000000000000        0x0 /usr/lib/gcc/x86_64-linux-gnu/4.4.7/../../../x86_64-linux-gnu/crt1.o
 .rela.text.singlemount
                0x0000000000000000        0x0 /usr/lib/gcc/x86_64-linux-gnu/4.4.7/../../../x86_64-linux-gnu/crt1.o
 .rela.text.mount_main
                0x0000000000000000        0x0 /usr/lib/gcc/x86_64-linux-gnu/4.4.7/../../../x86_64-linux-gnu/crt1.o
 .rela.text.umount_main
                0x0000000000000000        0x0 /usr/lib/gcc/x86_64-linux-gnu/4.4.7/../../../x86_64-linux-gnu/crt1.o
 .rela.text.arp_show
                0x0000000000000000        0x0 /usr/lib/gcc/x86_64-linux-gnu/4.4.7/../../../x86_64-linux-gnu/crt1.o
 .rela.text.arp_main
                0x0000000000000000        0x0 /usr/lib/gcc/x86_64-linux-gnu/4.4.7/../../../x86_64-linux-gnu/crt1.o
 .rela.text.ATPUpgradePrecheckProc
                0x0000000000000000        0x0 /usr/lib/gcc/x86_64-linux-gnu/4.4.7/../../../x86_64-linux-gnu/crt1.o
 .rela.text.ATPUpgradePrecheckDestroy
                0x0000000000000000        0x0 /usr/lib/gcc/x86_64-linux-gnu/4.4.7/../../../x86_64-linux-gnu/crt1.o
 .rela.text.ATP_TransHostname2IP
                0x0000000000000000        0x0 /usr/lib/gcc/x86_64-linux-gnu/4.4.7/../../../x86_64-linux-gnu/crt1.o
 .rela.text.atp_copy_fd_with_timeoutEx
                0x0000000000000000        0x0 /usr/lib/gcc/x86_64-linux-gnu/4.4.7/../../../x86_64-linux-gnu/crt1.o
 .rela.text.transfer_timeout
                0x0000000000000000        0x0 /usr/lib/gcc/x86_64-linux-gnu/4.4.7/../../../x86_64-linux-gnu/crt1.o
 .rela.text.xconnect_tr143
                0x0000000000000000        0x0 /usr/lib/gcc/x86_64-linux-gnu/4.4.7/../../../x86_64-linux-gnu/crt1.o
 .rela.text.xbind_connect
                0x0000000000000000        0x0 /usr/lib/gcc/x86_64-linux-gnu/4.4.7/../../../x86_64-linux-gnu/crt1.o
 .rela.text.atp_setup_alarm
                0x0000000000000000        0x0 /usr/lib/gcc/x86_64-linux-gnu/4.4.7/../../../x86_64-linux-gnu/crt1.o
 .rela.text.xbind_connect_tr143
                0x0000000000000000        0x0 /usr/lib/gcc/x86_64-linux-gnu/4.4.7/../../../x86_64-linux-gnu/crt1.o
 .rela.text.checkdebug_main
                0x0000000000000000        0x0 /usr/lib/gcc/x86_64-linux-gnu/4.4.7/../../../x86_64-linux-gnu/crt1.o
 .rela.text.SetConsole_Type
                0x0000000000000000        0x0 /usr/lib/gcc/x86_64-linux-gnu/4.4.7/../../../x86_64-linux-gnu/crt1.o
 .rela.text.checkdebugIoctl
                0x0000000000000000        0x0 /usr/lib/gcc/x86_64-linux-gnu/4.4.7/../../../x86_64-linux-gnu/crt1.o
 .rela.text.unlock_file
                0x0000000000000000        0x0 /usr/lib/gcc/x86_64-linux-gnu/4.4.7/../../../x86_64-linux-gnu/crt1.o
 .rela.text.ftpcmd
                0x0000000000000000        0x0 /usr/lib/gcc/x86_64-linux-gnu/4.4.7/../../../x86_64-linux-gnu/crt1.o
 .rela.text.xconnect_ftpdata
                0x0000000000000000        0x0 /usr/lib/gcc/x86_64-linux-gnu/4.4.7/../../../x86_64-linux-gnu/crt1.o
 .rela.text.ftp_receive
                0x0000000000000000        0x0 /usr/lib/gcc/x86_64-linux-gnu/4.4.7/../../../x86_64-linux-gnu/crt1.o
 .rela.text.ftp_send
                0x0000000000000000        0x0 /usr/lib/gcc/x86_64-linux-gnu/4.4.7/../../../x86_64-linux-gnu/crt1.o
 .rela.text.ftpget_main
                0x0000000000000000        0x0 /usr/lib/gcc/x86_64-linux-gnu/4.4.7/../../../x86_64-linux-gnu/crt1.o
 .rela.text.tcp_client_close
                0x0000000000000000        0x0 /usr/lib/gcc/x86_64-linux-gnu/4.4.7/../../../x86_64-linux-gnu/crt1.o
 .rela.text.handy_dns_lookup
                0x0000000000000000        0x0 /usr/lib/gcc/x86_64-linux-gnu/4.4.7/../../../x86_64-linux-gnu/crt1.o
 .rela.text.gethostbyname_handy_r
                0x0000000000000000        0x0 /usr/lib/gcc/x86_64-linux-gnu/4.4.7/../../../x86_64-linux-gnu/crt1.o
 .rela.text.atp_gethostbyname
                0x0000000000000000        0x0 /usr/lib/gcc/x86_64-linux-gnu/4.4.7/../../../x86_64-linux-gnu/crt1.o
 .rela.text.handy_gethostbyname2_r
                0x0000000000000000        0x0 /usr/lib/gcc/x86_64-linux-gnu/4.4.7/../../../x86_64-linux-gnu/crt1.o
 .rela.text.ATP_GPL_Gethostbyname
                0x0000000000000000        0x0 /usr/lib/gcc/x86_64-linux-gnu/4.4.7/../../../x86_64-linux-gnu/crt1.o
 .rela.text.getIfIpAddr
                0x0000000000000000        0x0 /usr/lib/gcc/x86_64-linux-gnu/4.4.7/../../../x86_64-linux-gnu/crt1.o
 .rela.text.sendping6
                0x0000000000000000        0x0 /usr/lib/gcc/x86_64-linux-gnu/4.4.7/../../../x86_64-linux-gnu/crt1.o
 .rela.text.sendping4
                0x0000000000000000        0x0 /usr/lib/gcc/x86_64-linux-gnu/4.4.7/../../../x86_64-linux-gnu/crt1.o
 .rela.text.PingToLogWeb
                0x0000000000000000        0x0 /usr/lib/gcc/x86_64-linux-gnu/4.4.7/../../../x86_64-linux-gnu/crt1.o
 .rela.text.unpack_tail
                0x0000000000000000        0x0 /usr/lib/gcc/x86_64-linux-gnu/4.4.7/../../../x86_64-linux-gnu/crt1.o
 .rela.text.ping4
                0x0000000000000000        0x0 /usr/lib/gcc/x86_64-linux-gnu/4.4.7/../../../x86_64-linux-gnu/crt1.o
 .rela.text.pingstats
                0x0000000000000000        0x0 /usr/lib/gcc/x86_64-linux-gnu/4.4.7/../../../x86_64-linux-gnu/crt1.o
 .rela.text.atp_xhost_and_af2sockaddr
                0x0000000000000000        0x0 /usr/lib/gcc/x86_64-linux-gnu/4.4.7/../../../x86_64-linux-gnu/crt1.o
 .rela.text.ping6
                0x0000000000000000        0x0 /usr/lib/gcc/x86_64-linux-gnu/4.4.7/../../../x86_64-linux-gnu/crt1.o
 .rela.text.ping_main
                0x0000000000000000        0x0 /usr/lib/gcc/x86_64-linux-gnu/4.4.7/../../../x86_64-linux-gnu/crt1.o
 .rela.text.tftp
                0x0000000000000000        0x0 /usr/lib/gcc/x86_64-linux-gnu/4.4.7/../../../x86_64-linux-gnu/crt1.o
 .rela.text.tftp_main
                0x0000000000000000        0x0 /usr/lib/gcc/x86_64-linux-gnu/4.4.7/../../../x86_64-linux-gnu/crt1.o
 .rela.text.usage
                0x0000000000000000        0x0 /usr/lib/gcc/x86_64-linux-gnu/4.4.7/../../../x86_64-linux-gnu/crt1.o
 .rela.text.print
                0x0000000000000000        0x0 /usr/lib/gcc/x86_64-linux-gnu/4.4.7/../../../x86_64-linux-gnu/crt1.o
 .rela.text.packet_ok
                0x0000000000000000        0x0 /usr/lib/gcc/x86_64-linux-gnu/4.4.7/../../../x86_64-linux-gnu/crt1.o
 .rela.text.send_probe
                0x0000000000000000        0x0 /usr/lib/gcc/x86_64-linux-gnu/4.4.7/../../../x86_64-linux-gnu/crt1.o
 .rela.text.wait_for_reply
                0x0000000000000000        0x0 /usr/lib/gcc/x86_64-linux-gnu/4.4.7/../../../x86_64-linux-gnu/crt1.o
 .rela.text.traceroute6_main
                0x0000000000000000        0x0 /usr/lib/gcc/x86_64-linux-gnu/4.4.7/../../../x86_64-linux-gnu/crt1.o
 .rela.text.open_socket
                0x0000000000000000        0x0 /usr/lib/gcc/x86_64-linux-gnu/4.4.7/../../../x86_64-linux-gnu/crt1.o
 .rela.text.build_auth_header
                0x0000000000000000        0x0 /usr/lib/gcc/x86_64-linux-gnu/4.4.7/../../../x86_64-linux-gnu/crt1.o
 .rela.text.parse_url
                0x0000000000000000        0x0 /usr/lib/gcc/x86_64-linux-gnu/4.4.7/../../../x86_64-linux-gnu/crt1.o
 .rela.text.T.102
                0x0000000000000000        0x0 /usr/lib/gcc/x86_64-linux-gnu/4.4.7/../../../x86_64-linux-gnu/crt1.o
 .rela.text.T.101
                0x0000000000000000        0x0 /usr/lib/gcc/x86_64-linux-gnu/4.4.7/../../../x86_64-linux-gnu/crt1.o
 .rela.text.T.99
                0x0000000000000000        0x0 /usr/lib/gcc/x86_64-linux-gnu/4.4.7/../../../x86_64-linux-gnu/crt1.o
 .rela.text.wget_main
                0x0000000000000000        0x0 /usr/lib/gcc/x86_64-linux-gnu/4.4.7/../../../x86_64-linux-gnu/crt1.o
 .rela.text.gzip_main
                0x0000000000000000        0x0 /usr/lib/gcc/x86_64-linux-gnu/4.4.7/../../../x86_64-linux-gnu/crt1.o
 .rela.text.pack_gzip
                0x0000000000000000        0x0 /usr/lib/gcc/x86_64-linux-gnu/4.4.7/../../../x86_64-linux-gnu/crt1.o
 .rela.text.append_file_list_to_list
                0x0000000000000000        0x0 /usr/lib/gcc/x86_64-linux-gnu/4.4.7/../../../x86_64-linux-gnu/crt1.o
 .rela.text.putOctal
                0x0000000000000000        0x0 /usr/lib/gcc/x86_64-linux-gnu/4.4.7/../../../x86_64-linux-gnu/crt1.o
 .rela.text.chksum_and_xwrite
                0x0000000000000000        0x0 /usr/lib/gcc/x86_64-linux-gnu/4.4.7/../../../x86_64-linux-gnu/crt1.o
 .rela.text.get_header_tar_Z
                0x0000000000000000        0x0 /usr/lib/gcc/x86_64-linux-gnu/4.4.7/../../../x86_64-linux-gnu/crt1.o
 .rela.text.writeTarFile
                0x0000000000000000        0x0 /usr/lib/gcc/x86_64-linux-gnu/4.4.7/../../../x86_64-linux-gnu/crt1.o
 .rela.text.tar_main
                0x0000000000000000        0x0 /usr/lib/gcc/x86_64-linux-gnu/4.4.7/../../../x86_64-linux-gnu/crt1.o
 .rela.text.writeLongname
                0x0000000000000000        0x0 /usr/lib/gcc/x86_64-linux-gnu/4.4.7/../../../x86_64-linux-gnu/crt1.o
 .rela.text.writeTarHeader
                0x0000000000000000        0x0 /usr/lib/gcc/x86_64-linux-gnu/4.4.7/../../../x86_64-linux-gnu/crt1.o
 .rela.text.writeFileToTarball
                0x0000000000000000        0x0 /usr/lib/gcc/x86_64-linux-gnu/4.4.7/../../../x86_64-linux-gnu/crt1.o
 .rela.text.bbunpack
                0x0000000000000000        0x0 /usr/lib/gcc/x86_64-linux-gnu/4.4.7/../../../x86_64-linux-gnu/crt1.o
 .rela.text.data_extract_all
                0x0000000000000000        0x0 /usr/lib/gcc/x86_64-linux-gnu/4.4.7/../../../x86_64-linux-gnu/crt1.o
 .rela.text.dealloc_bunzip
                0x0000000000000000        0x0 /usr/lib/gcc/x86_64-linux-gnu/4.4.7/../../../x86_64-linux-gnu/crt1.o
 .rela.text.get_bits
                0x0000000000000000        0x0 /usr/lib/gcc/x86_64-linux-gnu/4.4.7/../../../x86_64-linux-gnu/crt1.o
 .rela.text.start_bunzip
                0x0000000000000000        0x0 /usr/lib/gcc/x86_64-linux-gnu/4.4.7/../../../x86_64-linux-gnu/crt1.o
 .rela.text.get_next_block
                0x0000000000000000        0x0 /usr/lib/gcc/x86_64-linux-gnu/4.4.7/../../../x86_64-linux-gnu/crt1.o
 .rela.text.unpack_bz2_stream
                0x0000000000000000        0x0 /usr/lib/gcc/x86_64-linux-gnu/4.4.7/../../../x86_64-linux-gnu/crt1.o
 .rela.text.uncompress
                0x0000000000000000        0x0 /usr/lib/gcc/x86_64-linux-gnu/4.4.7/../../../x86_64-linux-gnu/crt1.o
 .rela.text.filter_accept_reject_list
                0x0000000000000000        0x0 /usr/lib/gcc/x86_64-linux-gnu/4.4.7/../../../x86_64-linux-gnu/crt1.o
 .rela.text.find_list_entry2
                0x0000000000000000        0x0 /usr/lib/gcc/x86_64-linux-gnu/4.4.7/../../../x86_64-linux-gnu/crt1.o
 .rela.text.find_list_entry
                0x0000000000000000        0x0 /usr/lib/gcc/x86_64-linux-gnu/4.4.7/../../../x86_64-linux-gnu/crt1.o
 .rela.text.getOctal
                0x0000000000000000        0x0 /usr/lib/gcc/x86_64-linux-gnu/4.4.7/../../../x86_64-linux-gnu/crt1.o
 .rela.text.get_header_tar
                0x0000000000000000        0x0 /usr/lib/gcc/x86_64-linux-gnu/4.4.7/../../../x86_64-linux-gnu/crt1.o
 .rela.text.get_header_tar_bz2
                0x0000000000000000        0x0 /usr/lib/gcc/x86_64-linux-gnu/4.4.7/../../../x86_64-linux-gnu/crt1.o
 .rela.text.get_header_tar_gz
                0x0000000000000000        0x0 /usr/lib/gcc/x86_64-linux-gnu/4.4.7/../../../x86_64-linux-gnu/crt1.o
 .rela.text.header_list
                0x0000000000000000        0x0 /usr/lib/gcc/x86_64-linux-gnu/4.4.7/../../../x86_64-linux-gnu/crt1.o
 .rela.text.header_verbose_list
                0x0000000000000000        0x0 /usr/lib/gcc/x86_64-linux-gnu/4.4.7/../../../x86_64-linux-gnu/crt1.o
 .rela.text.init_handle
                0x0000000000000000        0x0 /usr/lib/gcc/x86_64-linux-gnu/4.4.7/../../../x86_64-linux-gnu/crt1.o
 .rela.text.open_transformer
                0x0000000000000000        0x0 /usr/lib/gcc/x86_64-linux-gnu/4.4.7/../../../x86_64-linux-gnu/crt1.o
 .rela.text.seek_by_jump
                0x0000000000000000        0x0 /usr/lib/gcc/x86_64-linux-gnu/4.4.7/../../../x86_64-linux-gnu/crt1.o
 .rela.text.huft_free
                0x0000000000000000        0x0 /usr/lib/gcc/x86_64-linux-gnu/4.4.7/../../../x86_64-linux-gnu/crt1.o
 .rela.text.abort_unzip
                0x0000000000000000        0x0 /usr/lib/gcc/x86_64-linux-gnu/4.4.7/../../../x86_64-linux-gnu/crt1.o
 .rela.text.top_up
                0x0000000000000000        0x0 /usr/lib/gcc/x86_64-linux-gnu/4.4.7/../../../x86_64-linux-gnu/crt1.o
 .rela.text.inflate_unzip_internal
                0x0000000000000000        0x0 /usr/lib/gcc/x86_64-linux-gnu/4.4.7/../../../x86_64-linux-gnu/crt1.o
 .rela.text.inflate_unzip
                0x0000000000000000        0x0 /usr/lib/gcc/x86_64-linux-gnu/4.4.7/../../../x86_64-linux-gnu/crt1.o
 .rela.text.unpack_gz_stream
                0x0000000000000000        0x0 /usr/lib/gcc/x86_64-linux-gnu/4.4.7/../../../x86_64-linux-gnu/crt1.o
 .rela.text.setconsole_main
                0x0000000000000000        0x0 /usr/lib/gcc/x86_64-linux-gnu/4.4.7/../../../x86_64-linux-gnu/crt1.o
 .rela.text.bb_cat
                0x0000000000000000        0x0 /usr/lib/gcc/x86_64-linux-gnu/4.4.7/../../../x86_64-linux-gnu/crt1.o
 .rela.text.cat_main
                0x0000000000000000        0x0 /usr/lib/gcc/x86_64-linux-gnu/4.4.7/../../../x86_64-linux-gnu/crt1.o
 .rela.text.chmod_main
                0x0000000000000000        0x0 /usr/lib/gcc/x86_64-linux-gnu/4.4.7/../../../x86_64-linux-gnu/crt1.o
 .rela.text.fileAction
                0x0000000000000000        0x0 /usr/lib/gcc/x86_64-linux-gnu/4.4.7/../../../x86_64-linux-gnu/crt1.o
 .rela.text.chown_main
                0x0000000000000000        0x0 /usr/lib/gcc/x86_64-linux-gnu/4.4.7/../../../x86_64-linux-gnu/crt1.o
 .rela.text.cp_main
                0x0000000000000000        0x0 /usr/lib/gcc/x86_64-linux-gnu/4.4.7/../../../x86_64-linux-gnu/crt1.o
 .rela.text.maybe_set_utc
                0x0000000000000000        0x0 /usr/lib/gcc/x86_64-linux-gnu/4.4.7/../../../x86_64-linux-gnu/crt1.o
 .rela.text.date_main
                0x0000000000000000        0x0 /usr/lib/gcc/x86_64-linux-gnu/4.4.7/../../../x86_64-linux-gnu/crt1.o
 .rela.text.echo_main
                0x0000000000000000        0x0 /usr/lib/gcc/x86_64-linux-gnu/4.4.7/../../../x86_64-linux-gnu/crt1.o
 .rela.text.ln_main
                0x0000000000000000        0x0 /usr/lib/gcc/x86_64-linux-gnu/4.4.7/../../../x86_64-linux-gnu/crt1.o
 .rela.text.my_stat
                0x0000000000000000        0x0 /usr/lib/gcc/x86_64-linux-gnu/4.4.7/../../../x86_64-linux-gnu/crt1.o
 .rela.text.showfiles
                0x0000000000000000        0x0 /usr/lib/gcc/x86_64-linux-gnu/4.4.7/../../../x86_64-linux-gnu/crt1.o
 .rela.text.ls_main
                0x0000000000000000        0x0 /usr/lib/gcc/x86_64-linux-gnu/4.4.7/../../../x86_64-linux-gnu/crt1.o
 .rela.text.mkdir_main
                0x0000000000000000        0x0 /usr/lib/gcc/x86_64-linux-gnu/4.4.7/../../../x86_64-linux-gnu/crt1.o
 .rela.text.mknod_main
                0x0000000000000000        0x0 /usr/lib/gcc/x86_64-linux-gnu/4.4.7/../../../x86_64-linux-gnu/crt1.o
 .rela.text.mv_main
                0x0000000000000000        0x0 /usr/lib/gcc/x86_64-linux-gnu/4.4.7/../../../x86_64-linux-gnu/crt1.o
 .rela.text.pwd_main
                0x0000000000000000        0x0 /usr/lib/gcc/x86_64-linux-gnu/4.4.7/../../../x86_64-linux-gnu/crt1.o
 .rela.text.rm_main
                0x0000000000000000        0x0 /usr/lib/gcc/x86_64-linux-gnu/4.4.7/../../../x86_64-linux-gnu/crt1.o
 .rela.text.sleep_main
                0x0000000000000000        0x0 /usr/lib/gcc/x86_64-linux-gnu/4.4.7/../../../x86_64-linux-gnu/crt1.o
 .rela.text.t_lex
                0x0000000000000000        0x0 /usr/lib/gcc/x86_64-linux-gnu/4.4.7/../../../x86_64-linux-gnu/crt1.o
 .rela.text.syntax
                0x0000000000000000        0x0 /usr/lib/gcc/x86_64-linux-gnu/4.4.7/../../../x86_64-linux-gnu/crt1.o
 .rela.text.getn
                0x0000000000000000        0x0 /usr/lib/gcc/x86_64-linux-gnu/4.4.7/../../../x86_64-linux-gnu/crt1.o
 .rela.text.binop
                0x0000000000000000        0x0 /usr/lib/gcc/x86_64-linux-gnu/4.4.7/../../../x86_64-linux-gnu/crt1.o
 .rela.text.filstat
                0x0000000000000000        0x0 /usr/lib/gcc/x86_64-linux-gnu/4.4.7/../../../x86_64-linux-gnu/crt1.o
 .rela.text.nexpr
                0x0000000000000000        0x0 /usr/lib/gcc/x86_64-linux-gnu/4.4.7/../../../x86_64-linux-gnu/crt1.o
 .rela.text.test_main
                0x0000000000000000        0x0 /usr/lib/gcc/x86_64-linux-gnu/4.4.7/../../../x86_64-linux-gnu/crt1.o
 .rela.text.usleep_main
                0x0000000000000000        0x0 /usr/lib/gcc/x86_64-linux-gnu/4.4.7/../../../x86_64-linux-gnu/crt1.o
 .rela.text.wc_main
                0x0000000000000000        0x0 /usr/lib/gcc/x86_64-linux-gnu/4.4.7/../../../x86_64-linux-gnu/crt1.o
 .rela.text.cp_mv_stat
                0x0000000000000000        0x0 /usr/lib/gcc/x86_64-linux-gnu/4.4.7/../../../x86_64-linux-gnu/crt1.o
 .rela.text.getopt_mk_fifo_nod
                0x0000000000000000        0x0 /usr/lib/gcc/x86_64-linux-gnu/4.4.7/../../../x86_64-linux-gnu/crt1.o
 .rela.text.check
                0x0000000000000000        0x0 /usr/lib/gcc/x86_64-linux-gnu/4.4.7/../../../x86_64-linux-gnu/crt1.o
 .rela.text.do_procinit
                0x0000000000000000        0x0 /usr/lib/gcc/x86_64-linux-gnu/4.4.7/../../../x86_64-linux-gnu/crt1.o
 .rela.text.start_stop_daemon_main
                0x0000000000000000        0x0 /usr/lib/gcc/x86_64-linux-gnu/4.4.7/../../../x86_64-linux-gnu/crt1.o
 .rela.text.clrvar
                0x0000000000000000        0x0 /usr/lib/gcc/x86_64-linux-gnu/4.4.7/../../../x86_64-linux-gnu/crt1.o
 .rela.text.clear_array
                0x0000000000000000        0x0 /usr/lib/gcc/x86_64-linux-gnu/4.4.7/../../../x86_64-linux-gnu/crt1.o
 .rela.text.mk_re_node
                0x0000000000000000        0x0 /usr/lib/gcc/x86_64-linux-gnu/4.4.7/../../../x86_64-linux-gnu/crt1.o
 .rela.text.mk_splitter
                0x0000000000000000        0x0 /usr/lib/gcc/x86_64-linux-gnu/4.4.7/../../../x86_64-linux-gnu/crt1.o
 .rela.text.getvar_i
                0x0000000000000000        0x0 /usr/lib/gcc/x86_64-linux-gnu/4.4.7/../../../x86_64-linux-gnu/crt1.o
 .rela.text.hash_search
                0x0000000000000000        0x0 /usr/lib/gcc/x86_64-linux-gnu/4.4.7/../../../x86_64-linux-gnu/crt1.o
 .rela.text.hash_find
                0x0000000000000000        0x0 /usr/lib/gcc/x86_64-linux-gnu/4.4.7/../../../x86_64-linux-gnu/crt1.o
 .rela.text.hash_remove
                0x0000000000000000        0x0 /usr/lib/gcc/x86_64-linux-gnu/4.4.7/../../../x86_64-linux-gnu/crt1.o
 .rela.text.nextchar
                0x0000000000000000        0x0 /usr/lib/gcc/x86_64-linux-gnu/4.4.7/../../../x86_64-linux-gnu/crt1.o
 .rela.text.fmt_num
                0x0000000000000000        0x0 /usr/lib/gcc/x86_64-linux-gnu/4.4.7/../../../x86_64-linux-gnu/crt1.o
 .rela.text.handle_special
                0x0000000000000000        0x0 /usr/lib/gcc/x86_64-linux-gnu/4.4.7/../../../x86_64-linux-gnu/crt1.o
 .rela.text.is_assignment
                0x0000000000000000        0x0 /usr/lib/gcc/x86_64-linux-gnu/4.4.7/../../../x86_64-linux-gnu/crt1.o
 .rela.text.setari_u
                0x0000000000000000        0x0 /usr/lib/gcc/x86_64-linux-gnu/4.4.7/../../../x86_64-linux-gnu/crt1.o
 .rela.text.awk_getline
                0x0000000000000000        0x0 /usr/lib/gcc/x86_64-linux-gnu/4.4.7/../../../x86_64-linux-gnu/crt1.o
 .rela.text.awk_split
                0x0000000000000000        0x0 /usr/lib/gcc/x86_64-linux-gnu/4.4.7/../../../x86_64-linux-gnu/crt1.o
 .rela.text.split_f0
                0x0000000000000000        0x0 /usr/lib/gcc/x86_64-linux-gnu/4.4.7/../../../x86_64-linux-gnu/crt1.o
 .rela.text.next_token
                0x0000000000000000        0x0 /usr/lib/gcc/x86_64-linux-gnu/4.4.7/../../../x86_64-linux-gnu/crt1.o
 .rela.text.nvfree
                0x0000000000000000        0x0 /usr/lib/gcc/x86_64-linux-gnu/4.4.7/../../../x86_64-linux-gnu/crt1.o
 .rela.text.T.219
                0x0000000000000000        0x0 /usr/lib/gcc/x86_64-linux-gnu/4.4.7/../../../x86_64-linux-gnu/crt1.o
 .rela.text.next_input_file
                0x0000000000000000        0x0 /usr/lib/gcc/x86_64-linux-gnu/4.4.7/../../../x86_64-linux-gnu/crt1.o
 .rela.text.evaluate
                0x0000000000000000        0x0 /usr/lib/gcc/x86_64-linux-gnu/4.4.7/../../../x86_64-linux-gnu/crt1.o
 .rela.text.awk_exit
                0x0000000000000000        0x0 /usr/lib/gcc/x86_64-linux-gnu/4.4.7/../../../x86_64-linux-gnu/crt1.o
 .rela.text.as_regex
                0x0000000000000000        0x0 /usr/lib/gcc/x86_64-linux-gnu/4.4.7/../../../x86_64-linux-gnu/crt1.o
 .rela.text.awk_sub
                0x0000000000000000        0x0 /usr/lib/gcc/x86_64-linux-gnu/4.4.7/../../../x86_64-linux-gnu/crt1.o
 .rela.text.awk_printf
                0x0000000000000000        0x0 /usr/lib/gcc/x86_64-linux-gnu/4.4.7/../../../x86_64-linux-gnu/crt1.o
 .rela.text.awk_main
                0x0000000000000000        0x0 /usr/lib/gcc/x86_64-linux-gnu/4.4.7/../../../x86_64-linux-gnu/crt1.o
 .rela.text.prepare
                0x0000000000000000        0x0 /usr/lib/gcc/x86_64-linux-gnu/4.4.7/../../../x86_64-linux-gnu/crt1.o
 .rela.text.skipline
                0x0000000000000000        0x0 /usr/lib/gcc/x86_64-linux-gnu/4.4.7/../../../x86_64-linux-gnu/crt1.o
 .rela.text.uni_range
                0x0000000000000000        0x0 /usr/lib/gcc/x86_64-linux-gnu/4.4.7/../../../x86_64-linux-gnu/crt1.o
 .rela.text.fetch
                0x0000000000000000        0x0 /usr/lib/gcc/x86_64-linux-gnu/4.4.7/../../../x86_64-linux-gnu/crt1.o
 .rela.text.dump_unified_vec
                0x0000000000000000        0x0 /usr/lib/gcc/x86_64-linux-gnu/4.4.7/../../../x86_64-linux-gnu/crt1.o
 .rela.text.change
                0x0000000000000000        0x0 /usr/lib/gcc/x86_64-linux-gnu/4.4.7/../../../x86_64-linux-gnu/crt1.o
 .rela.text.diff_main
                0x0000000000000000        0x0 /usr/lib/gcc/x86_64-linux-gnu/4.4.7/../../../x86_64-linux-gnu/crt1.o
 .rela.text.copy_parsing_escapes
                0x0000000000000000        0x0 /usr/lib/gcc/x86_64-linux-gnu/4.4.7/../../../x86_64-linux-gnu/crt1.o
 .rela.text.get_address
                0x0000000000000000        0x0 /usr/lib/gcc/x86_64-linux-gnu/4.4.7/../../../x86_64-linux-gnu/crt1.o
 .rela.text.parse_file_cmd
                0x0000000000000000        0x0 /usr/lib/gcc/x86_64-linux-gnu/4.4.7/../../../x86_64-linux-gnu/crt1.o
 .rela.text.add_cmd
                0x0000000000000000        0x0 /usr/lib/gcc/x86_64-linux-gnu/4.4.7/../../../x86_64-linux-gnu/crt1.o
 .rela.text.add_cmd_block
                0x0000000000000000        0x0 /usr/lib/gcc/x86_64-linux-gnu/4.4.7/../../../x86_64-linux-gnu/crt1.o
 .rela.text.add_input_file
                0x0000000000000000        0x0 /usr/lib/gcc/x86_64-linux-gnu/4.4.7/../../../x86_64-linux-gnu/crt1.o
 .rela.text.pipe_putc
                0x0000000000000000        0x0 /usr/lib/gcc/x86_64-linux-gnu/4.4.7/../../../x86_64-linux-gnu/crt1.o
 .rela.text.append
                0x0000000000000000        0x0 /usr/lib/gcc/x86_64-linux-gnu/4.4.7/../../../x86_64-linux-gnu/crt1.o
 .rela.text.puts_maybe_newline
                0x0000000000000000        0x0 /usr/lib/gcc/x86_64-linux-gnu/4.4.7/../../../x86_64-linux-gnu/crt1.o
 .rela.text.flush_append
                0x0000000000000000        0x0 /usr/lib/gcc/x86_64-linux-gnu/4.4.7/../../../x86_64-linux-gnu/crt1.o
 .rela.text.get_next_line
                0x0000000000000000        0x0 /usr/lib/gcc/x86_64-linux-gnu/4.4.7/../../../x86_64-linux-gnu/crt1.o
 .rela.text.process_files
                0x0000000000000000        0x0 /usr/lib/gcc/x86_64-linux-gnu/4.4.7/../../../x86_64-linux-gnu/crt1.o
 .rela.text.sed_main
                0x0000000000000000        0x0 /usr/lib/gcc/x86_64-linux-gnu/4.4.7/../../../x86_64-linux-gnu/crt1.o
 .rela.text.cleanup_outname
                0x0000000000000000        0x0 /usr/lib/gcc/x86_64-linux-gnu/4.4.7/../../../x86_64-linux-gnu/crt1.o
 .rela.text.show_help
                0x0000000000000000        0x0 /usr/lib/gcc/x86_64-linux-gnu/4.4.7/../../../x86_64-linux-gnu/crt1.o
 .rela.text.new_screen
                0x0000000000000000        0x0 /usr/lib/gcc/x86_64-linux-gnu/4.4.7/../../../x86_64-linux-gnu/crt1.o
 .rela.text.rawmode
                0x0000000000000000        0x0 /usr/lib/gcc/x86_64-linux-gnu/4.4.7/../../../x86_64-linux-gnu/crt1.o
 .rela.text.file_size
                0x0000000000000000        0x0 /usr/lib/gcc/x86_64-linux-gnu/4.4.7/../../../x86_64-linux-gnu/crt1.o
 .rela.text.status_line
                0x0000000000000000        0x0 /usr/lib/gcc/x86_64-linux-gnu/4.4.7/../../../x86_64-linux-gnu/crt1.o
 .rela.text.status_line_bold
                0x0000000000000000        0x0 /usr/lib/gcc/x86_64-linux-gnu/4.4.7/../../../x86_64-linux-gnu/crt1.o
 .rela.text.text_hole_delete
                0x0000000000000000        0x0 /usr/lib/gcc/x86_64-linux-gnu/4.4.7/../../../x86_64-linux-gnu/crt1.o
 .rela.text.text_hole_make
                0x0000000000000000        0x0 /usr/lib/gcc/x86_64-linux-gnu/4.4.7/../../../x86_64-linux-gnu/crt1.o
 .rela.text.write1
                0x0000000000000000        0x0 /usr/lib/gcc/x86_64-linux-gnu/4.4.7/../../../x86_64-linux-gnu/crt1.o
 .rela.text.file_insert
                0x0000000000000000        0x0 /usr/lib/gcc/x86_64-linux-gnu/4.4.7/../../../x86_64-linux-gnu/crt1.o
 .rela.text.catch_sig
                0x0000000000000000        0x0 /usr/lib/gcc/x86_64-linux-gnu/4.4.7/../../../x86_64-linux-gnu/crt1.o
 .rela.text.dot_skip_over_ws
                0x0000000000000000        0x0 /usr/lib/gcc/x86_64-linux-gnu/4.4.7/../../../x86_64-linux-gnu/crt1.o
 .rela.text.not_implemented
                0x0000000000000000        0x0 /usr/lib/gcc/x86_64-linux-gnu/4.4.7/../../../x86_64-linux-gnu/crt1.o
 .rela.text.setops
                0x0000000000000000        0x0 /usr/lib/gcc/x86_64-linux-gnu/4.4.7/../../../x86_64-linux-gnu/crt1.o
 .rela.text.mycmp
                0x0000000000000000        0x0 /usr/lib/gcc/x86_64-linux-gnu/4.4.7/../../../x86_64-linux-gnu/crt1.o
 .rela.text.string_insert
                0x0000000000000000        0x0 /usr/lib/gcc/x86_64-linux-gnu/4.4.7/../../../x86_64-linux-gnu/crt1.o
 .rela.text.text_yank
                0x0000000000000000        0x0 /usr/lib/gcc/x86_64-linux-gnu/4.4.7/../../../x86_64-linux-gnu/crt1.o
 .rela.text.file_write
                0x0000000000000000        0x0 /usr/lib/gcc/x86_64-linux-gnu/4.4.7/../../../x86_64-linux-gnu/crt1.o
 .rela.text.cookmode
                0x0000000000000000        0x0 /usr/lib/gcc/x86_64-linux-gnu/4.4.7/../../../x86_64-linux-gnu/crt1.o
 .rela.text.mysleep
                0x0000000000000000        0x0 /usr/lib/gcc/x86_64-linux-gnu/4.4.7/../../../x86_64-linux-gnu/crt1.o
 .rela.text.readit
                0x0000000000000000        0x0 /usr/lib/gcc/x86_64-linux-gnu/4.4.7/../../../x86_64-linux-gnu/crt1.o
 .rela.text.get_one_char
                0x0000000000000000        0x0 /usr/lib/gcc/x86_64-linux-gnu/4.4.7/../../../x86_64-linux-gnu/crt1.o
 .rela.text.end_line
                0x0000000000000000        0x0 /usr/lib/gcc/x86_64-linux-gnu/4.4.7/../../../x86_64-linux-gnu/crt1.o
 .rela.text.begin_line
                0x0000000000000000        0x0 /usr/lib/gcc/x86_64-linux-gnu/4.4.7/../../../x86_64-linux-gnu/crt1.o
 .rela.text.char_search
                0x0000000000000000        0x0 /usr/lib/gcc/x86_64-linux-gnu/4.4.7/../../../x86_64-linux-gnu/crt1.o
 .rela.text.get_one_address
                0x0000000000000000        0x0 /usr/lib/gcc/x86_64-linux-gnu/4.4.7/../../../x86_64-linux-gnu/crt1.o
 .rela.text.skip_thing
                0x0000000000000000        0x0 /usr/lib/gcc/x86_64-linux-gnu/4.4.7/../../../x86_64-linux-gnu/crt1.o
 .rela.text.place_cursor
                0x0000000000000000        0x0 /usr/lib/gcc/x86_64-linux-gnu/4.4.7/../../../x86_64-linux-gnu/crt1.o
 .rela.text.suspend_sig
                0x0000000000000000        0x0 /usr/lib/gcc/x86_64-linux-gnu/4.4.7/../../../x86_64-linux-gnu/crt1.o
 .rela.text.refresh
                0x0000000000000000        0x0 /usr/lib/gcc/x86_64-linux-gnu/4.4.7/../../../x86_64-linux-gnu/crt1.o
 .rela.text.get_input_line
                0x0000000000000000        0x0 /usr/lib/gcc/x86_64-linux-gnu/4.4.7/../../../x86_64-linux-gnu/crt1.o
 .rela.text.show_status_line
                0x0000000000000000        0x0 /usr/lib/gcc/x86_64-linux-gnu/4.4.7/../../../x86_64-linux-gnu/crt1.o
 .rela.text.winch_sig
                0x0000000000000000        0x0 /usr/lib/gcc/x86_64-linux-gnu/4.4.7/../../../x86_64-linux-gnu/crt1.o
 .rela.text.cont_sig
                0x0000000000000000        0x0 /usr/lib/gcc/x86_64-linux-gnu/4.4.7/../../../x86_64-linux-gnu/crt1.o
 .rela.text.char_insert
                0x0000000000000000        0x0 /usr/lib/gcc/x86_64-linux-gnu/4.4.7/../../../x86_64-linux-gnu/crt1.o
 .rela.text.init_text_buffer
                0x0000000000000000        0x0 /usr/lib/gcc/x86_64-linux-gnu/4.4.7/../../../x86_64-linux-gnu/crt1.o
 .rela.text.colon
                0x0000000000000000        0x0 /usr/lib/gcc/x86_64-linux-gnu/4.4.7/../../../x86_64-linux-gnu/crt1.o
 .rela.text.do_cmd
                0x0000000000000000        0x0 /usr/lib/gcc/x86_64-linux-gnu/4.4.7/../../../x86_64-linux-gnu/crt1.o
 .rela.text.find_range
                0x0000000000000000        0x0 /usr/lib/gcc/x86_64-linux-gnu/4.4.7/../../../x86_64-linux-gnu/crt1.o
 .rela.text.edit_file
                0x0000000000000000        0x0 /usr/lib/gcc/x86_64-linux-gnu/4.4.7/../../../x86_64-linux-gnu/crt1.o
 .rela.text.vi_main
                0x0000000000000000        0x0 /usr/lib/gcc/x86_64-linux-gnu/4.4.7/../../../x86_64-linux-gnu/crt1.o
 .rela.text.parse_params
                0x0000000000000000        0x0 /usr/lib/gcc/x86_64-linux-gnu/4.4.7/../../../x86_64-linux-gnu/crt1.o
 .rela.text.find_main
                0x0000000000000000        0x0 /usr/lib/gcc/x86_64-linux-gnu/4.4.7/../../../x86_64-linux-gnu/crt1.o
 .rela.text.func_mtime
                0x0000000000000000        0x0 /usr/lib/gcc/x86_64-linux-gnu/4.4.7/../../../x86_64-linux-gnu/crt1.o
 .rela.text.func_regex
                0x0000000000000000        0x0 /usr/lib/gcc/x86_64-linux-gnu/4.4.7/../../../x86_64-linux-gnu/crt1.o
 .rela.text.func_path
                0x0000000000000000        0x0 /usr/lib/gcc/x86_64-linux-gnu/4.4.7/../../../x86_64-linux-gnu/crt1.o
 .rela.text.func_name
                0x0000000000000000        0x0 /usr/lib/gcc/x86_64-linux-gnu/4.4.7/../../../x86_64-linux-gnu/crt1.o
 .rela.text.func_exec
                0x0000000000000000        0x0 /usr/lib/gcc/x86_64-linux-gnu/4.4.7/../../../x86_64-linux-gnu/crt1.o
 .rela.text.func_delete
                0x0000000000000000        0x0 /usr/lib/gcc/x86_64-linux-gnu/4.4.7/../../../x86_64-linux-gnu/crt1.o
 .rela.text.func_print0
                0x0000000000000000        0x0 /usr/lib/gcc/x86_64-linux-gnu/4.4.7/../../../x86_64-linux-gnu/crt1.o
 .rela.text.func_print
                0x0000000000000000        0x0 /usr/lib/gcc/x86_64-linux-gnu/4.4.7/../../../x86_64-linux-gnu/crt1.o
 .rela.text.T.24
                0x0000000000000000        0x0 /usr/lib/gcc/x86_64-linux-gnu/4.4.7/../../../x86_64-linux-gnu/crt1.o
 .rela.text.grep_file
                0x0000000000000000        0x0 /usr/lib/gcc/x86_64-linux-gnu/4.4.7/../../../x86_64-linux-gnu/crt1.o
 .rela.text.grep_main
                0x0000000000000000        0x0 /usr/lib/gcc/x86_64-linux-gnu/4.4.7/../../../x86_64-linux-gnu/crt1.o
 .rela.text.file_action_grep
                0x0000000000000000        0x0 /usr/lib/gcc/x86_64-linux-gnu/4.4.7/../../../x86_64-linux-gnu/crt1.o
 .rela.text.halt_main
                0x0000000000000000        0x0 /usr/lib/gcc/x86_64-linux-gnu/4.4.7/../../../x86_64-linux-gnu/crt1.o
 .rela.text.loop_forever
                0x0000000000000000        0x0 /usr/lib/gcc/x86_64-linux-gnu/4.4.7/../../../x86_64-linux-gnu/crt1.o
 .rela.text.init_reboot
                0x0000000000000000        0x0 /usr/lib/gcc/x86_64-linux-gnu/4.4.7/../../../x86_64-linux-gnu/crt1.o
 .rela.text.set_sane_term
                0x0000000000000000        0x0 /usr/lib/gcc/x86_64-linux-gnu/4.4.7/../../../x86_64-linux-gnu/crt1.o
 .rela.text.new_init_action
                0x0000000000000000        0x0 /usr/lib/gcc/x86_64-linux-gnu/4.4.7/../../../x86_64-linux-gnu/crt1.o
 .rela.text.delete_init_action
                0x0000000000000000        0x0 /usr/lib/gcc/x86_64-linux-gnu/4.4.7/../../../x86_64-linux-gnu/crt1.o
 .rela.text.message
                0x0000000000000000        0x0 /usr/lib/gcc/x86_64-linux-gnu/4.4.7/../../../x86_64-linux-gnu/crt1.o
 .rela.text.stop_handler
                0x0000000000000000        0x0 /usr/lib/gcc/x86_64-linux-gnu/4.4.7/../../../x86_64-linux-gnu/crt1.o
 .rela.text.parse_inittab
                0x0000000000000000        0x0 /usr/lib/gcc/x86_64-linux-gnu/4.4.7/../../../x86_64-linux-gnu/crt1.o
 .rela.text.run
                0x0000000000000000        0x0 /usr/lib/gcc/x86_64-linux-gnu/4.4.7/../../../x86_64-linux-gnu/crt1.o
 .rela.text.run_actions
                0x0000000000000000        0x0 /usr/lib/gcc/x86_64-linux-gnu/4.4.7/../../../x86_64-linux-gnu/crt1.o
 .rela.text.shutdown_system
                0x0000000000000000        0x0 /usr/lib/gcc/x86_64-linux-gnu/4.4.7/../../../x86_64-linux-gnu/crt1.o
 .rela.text.shutdown_signal
                0x0000000000000000        0x0 /usr/lib/gcc/x86_64-linux-gnu/4.4.7/../../../x86_64-linux-gnu/crt1.o
 .rela.text.open_stdio_to_tty
                0x0000000000000000        0x0 /usr/lib/gcc/x86_64-linux-gnu/4.4.7/../../../x86_64-linux-gnu/crt1.o
 .rela.text.exec_signal
                0x0000000000000000        0x0 /usr/lib/gcc/x86_64-linux-gnu/4.4.7/../../../x86_64-linux-gnu/crt1.o
 .rela.text.init_main
                0x0000000000000000        0x0 /usr/lib/gcc/x86_64-linux-gnu/4.4.7/../../../x86_64-linux-gnu/crt1.o
 .rela.text.bb_ask_confirmation
                0x0000000000000000        0x0 /usr/lib/gcc/x86_64-linux-gnu/4.4.7/../../../x86_64-linux-gnu/crt1.o
 .rela.text.get_ug_id
                0x0000000000000000        0x0 /usr/lib/gcc/x86_64-linux-gnu/4.4.7/../../../x86_64-linux-gnu/crt1.o
 .rela.text.xuname2uid
                0x0000000000000000        0x0 /usr/lib/gcc/x86_64-linux-gnu/4.4.7/../../../x86_64-linux-gnu/crt1.o
 .rela.text.xgroup2gid
                0x0000000000000000        0x0 /usr/lib/gcc/x86_64-linux-gnu/4.4.7/../../../x86_64-linux-gnu/crt1.o
 .rela.text.bb_getug
                0x0000000000000000        0x0 /usr/lib/gcc/x86_64-linux-gnu/4.4.7/../../../x86_64-linux-gnu/crt1.o
 .rela.text.bb_getgrgid
                0x0000000000000000        0x0 /usr/lib/gcc/x86_64-linux-gnu/4.4.7/../../../x86_64-linux-gnu/crt1.o
 .rela.text.bb_getpwuid
                0x0000000000000000        0x0 /usr/lib/gcc/x86_64-linux-gnu/4.4.7/../../../x86_64-linux-gnu/crt1.o
 .rela.text.handle_errors
                0x0000000000000000        0x0 /usr/lib/gcc/x86_64-linux-gnu/4.4.7/../../../x86_64-linux-gnu/crt1.o
 .rela.text.bb_strtoi
                0x0000000000000000        0x0 /usr/lib/gcc/x86_64-linux-gnu/4.4.7/../../../x86_64-linux-gnu/crt1.o
 .rela.text.bb_strtou
                0x0000000000000000        0x0 /usr/lib/gcc/x86_64-linux-gnu/4.4.7/../../../x86_64-linux-gnu/crt1.o
 .rela.text.bb_strtoll
                0x0000000000000000        0x0 /usr/lib/gcc/x86_64-linux-gnu/4.4.7/../../../x86_64-linux-gnu/crt1.o
 .rela.text.bb_strtoull
                0x0000000000000000        0x0 /usr/lib/gcc/x86_64-linux-gnu/4.4.7/../../../x86_64-linux-gnu/crt1.o
 .rela.text.change_identity_e2str
                0x0000000000000000        0x0 /usr/lib/gcc/x86_64-linux-gnu/4.4.7/../../../x86_64-linux-gnu/crt1.o
 .rela.text.nth_string
                0x0000000000000000        0x0 /usr/lib/gcc/x86_64-linux-gnu/4.4.7/../../../x86_64-linux-gnu/crt1.o
 .rela.text.index_in_substrings
                0x0000000000000000        0x0 /usr/lib/gcc/x86_64-linux-gnu/4.4.7/../../../x86_64-linux-gnu/crt1.o
 .rela.text.index_in_strings
                0x0000000000000000        0x0 /usr/lib/gcc/x86_64-linux-gnu/4.4.7/../../../x86_64-linux-gnu/crt1.o
 .rela.text.index_in_str_array
                0x0000000000000000        0x0 /usr/lib/gcc/x86_64-linux-gnu/4.4.7/../../../x86_64-linux-gnu/crt1.o
 .rela.text.ask_and_unlink
                0x0000000000000000        0x0 /usr/lib/gcc/x86_64-linux-gnu/4.4.7/../../../x86_64-linux-gnu/crt1.o
 .rela.text.copy_file
                0x0000000000000000        0x0 /usr/lib/gcc/x86_64-linux-gnu/4.4.7/../../../x86_64-linux-gnu/crt1.o
 .rela.text.create_icmp6_socket
                0x0000000000000000        0x0 /usr/lib/gcc/x86_64-linux-gnu/4.4.7/../../../x86_64-linux-gnu/crt1.o
 .rela.text.create_icmp_socket
                0x0000000000000000        0x0 /usr/lib/gcc/x86_64-linux-gnu/4.4.7/../../../x86_64-linux-gnu/crt1.o
 .rela.text.device_open
                0x0000000000000000        0x0 /usr/lib/gcc/x86_64-linux-gnu/4.4.7/../../../x86_64-linux-gnu/crt1.o
 .rela.text.bb_execvp
                0x0000000000000000        0x0 /usr/lib/gcc/x86_64-linux-gnu/4.4.7/../../../x86_64-linux-gnu/crt1.o
 .rela.text.execable_file
                0x0000000000000000        0x0 /usr/lib/gcc/x86_64-linux-gnu/4.4.7/../../../x86_64-linux-gnu/crt1.o
 .rela.text.find_execable
                0x0000000000000000        0x0 /usr/lib/gcc/x86_64-linux-gnu/4.4.7/../../../x86_64-linux-gnu/crt1.o
 .rela.text.exists_execable
                0x0000000000000000        0x0 /usr/lib/gcc/x86_64-linux-gnu/4.4.7/../../../x86_64-linux-gnu/crt1.o
 .rela.text.fclose_if_not_stdin
                0x0000000000000000        0x0 /usr/lib/gcc/x86_64-linux-gnu/4.4.7/../../../x86_64-linux-gnu/crt1.o
 .rela.text.fflush_stdout_and_exit
                0x0000000000000000        0x0 /usr/lib/gcc/x86_64-linux-gnu/4.4.7/../../../x86_64-linux-gnu/crt1.o
 .rela.text.find_pid_by_name
                0x0000000000000000        0x0 /usr/lib/gcc/x86_64-linux-gnu/4.4.7/../../../x86_64-linux-gnu/crt1.o
 .rela.text.bb_get_chunk_from_file
                0x0000000000000000        0x0 /usr/lib/gcc/x86_64-linux-gnu/4.4.7/../../../x86_64-linux-gnu/crt1.o
 .rela.text.getopt32
                0x0000000000000000        0x0 /usr/lib/gcc/x86_64-linux-gnu/4.4.7/../../../x86_64-linux-gnu/crt1.o
 .rela.text.bb_herror_msg_and_die
                0x0000000000000000        0x0 /usr/lib/gcc/x86_64-linux-gnu/4.4.7/../../../x86_64-linux-gnu/crt1.o
 .rela.text.INET6_rresolve
                0x0000000000000000        0x0 /usr/lib/gcc/x86_64-linux-gnu/4.4.7/../../../x86_64-linux-gnu/crt1.o
 .rela.text.INET_rresolve
                0x0000000000000000        0x0 /usr/lib/gcc/x86_64-linux-gnu/4.4.7/../../../x86_64-linux-gnu/crt1.o
 .rela.text.INET_resolve
                0x0000000000000000        0x0 /usr/lib/gcc/x86_64-linux-gnu/4.4.7/../../../x86_64-linux-gnu/crt1.o
 .rela.text.INET6_resolve
                0x0000000000000000        0x0 /usr/lib/gcc/x86_64-linux-gnu/4.4.7/../../../x86_64-linux-gnu/crt1.o
 .rela.text.bb_info_msg
                0x0000000000000000        0x0 /usr/lib/gcc/x86_64-linux-gnu/4.4.7/../../../x86_64-linux-gnu/crt1.o
 .rela.text.add_to_ino_dev_hashtable
                0x0000000000000000        0x0 /usr/lib/gcc/x86_64-linux-gnu/4.4.7/../../../x86_64-linux-gnu/crt1.o
 .rela.text.is_directory
                0x0000000000000000        0x0 /usr/lib/gcc/x86_64-linux-gnu/4.4.7/../../../x86_64-linux-gnu/crt1.o
 .rela.text.put_prompt
                0x0000000000000000        0x0 /usr/lib/gcc/x86_64-linux-gnu/4.4.7/../../../x86_64-linux-gnu/crt1.o
 .rela.text.parse_and_put_prompt
                0x0000000000000000        0x0 /usr/lib/gcc/x86_64-linux-gnu/4.4.7/../../../x86_64-linux-gnu/crt1.o
 .rela.text.match_compare
                0x0000000000000000        0x0 /usr/lib/gcc/x86_64-linux-gnu/4.4.7/../../../x86_64-linux-gnu/crt1.o
 .rela.text.free_tab_completion_data
                0x0000000000000000        0x0 /usr/lib/gcc/x86_64-linux-gnu/4.4.7/../../../x86_64-linux-gnu/crt1.o
 .rela.text.deinit_S
                0x0000000000000000        0x0 /usr/lib/gcc/x86_64-linux-gnu/4.4.7/../../../x86_64-linux-gnu/crt1.o
 .rela.text.get_previous_history
                0x0000000000000000        0x0 /usr/lib/gcc/x86_64-linux-gnu/4.4.7/../../../x86_64-linux-gnu/crt1.o
 .rela.text.add_quote_for_spec_chars
                0x0000000000000000        0x0 /usr/lib/gcc/x86_64-linux-gnu/4.4.7/../../../x86_64-linux-gnu/crt1.o
 .rela.text.input_backward
                0x0000000000000000        0x0 /usr/lib/gcc/x86_64-linux-gnu/4.4.7/../../../x86_64-linux-gnu/crt1.o
 .rela.text.redraw
                0x0000000000000000        0x0 /usr/lib/gcc/x86_64-linux-gnu/4.4.7/../../../x86_64-linux-gnu/crt1.o
 .rela.text.input_delete
                0x0000000000000000        0x0 /usr/lib/gcc/x86_64-linux-gnu/4.4.7/../../../x86_64-linux-gnu/crt1.o
 .rela.text.input_tab
                0x0000000000000000        0x0 /usr/lib/gcc/x86_64-linux-gnu/4.4.7/../../../x86_64-linux-gnu/crt1.o
 .rela.text.win_changed
                0x0000000000000000        0x0 /usr/lib/gcc/x86_64-linux-gnu/4.4.7/../../../x86_64-linux-gnu/crt1.o
 .rela.text.read_line_input
                0x0000000000000000        0x0 /usr/lib/gcc/x86_64-linux-gnu/4.4.7/../../../x86_64-linux-gnu/crt1.o
 .rela.text.llist_pop
                0x0000000000000000        0x0 /usr/lib/gcc/x86_64-linux-gnu/4.4.7/../../../x86_64-linux-gnu/crt1.o
 .rela.text.bb_make_directory
                0x0000000000000000        0x0 /usr/lib/gcc/x86_64-linux-gnu/4.4.7/../../../x86_64-linux-gnu/crt1.o
 .rela.text.bb_makedev
                0x0000000000000000        0x0 /usr/lib/gcc/x86_64-linux-gnu/4.4.7/../../../x86_64-linux-gnu/crt1.o
 .rela.text.match_fstype
                0x0000000000000000        0x0 /usr/lib/gcc/x86_64-linux-gnu/4.4.7/../../../x86_64-linux-gnu/crt1.o
 .rela.text.bb_parse_mode
                0x0000000000000000        0x0 /usr/lib/gcc/x86_64-linux-gnu/4.4.7/../../../x86_64-linux-gnu/crt1.o
 .rela.text.write_pidfile
                0x0000000000000000        0x0 /usr/lib/gcc/x86_64-linux-gnu/4.4.7/../../../x86_64-linux-gnu/crt1.o
 .rela.text.read_cmdline
                0x0000000000000000        0x0 /usr/lib/gcc/x86_64-linux-gnu/4.4.7/../../../x86_64-linux-gnu/crt1.o
 .rela.text.clear_cache
                0x0000000000000000        0x0 /usr/lib/gcc/x86_64-linux-gnu/4.4.7/../../../x86_64-linux-gnu/crt1.o
 .rela.text.read_to_buf
                0x0000000000000000        0x0 /usr/lib/gcc/x86_64-linux-gnu/4.4.7/../../../x86_64-linux-gnu/crt1.o
 .rela.text.free_procps_scan
                0x0000000000000000        0x0 /usr/lib/gcc/x86_64-linux-gnu/4.4.7/../../../x86_64-linux-gnu/crt1.o
 .rela.text.alloc_procps_scan
                0x0000000000000000        0x0 /usr/lib/gcc/x86_64-linux-gnu/4.4.7/../../../x86_64-linux-gnu/crt1.o
 .rela.text.procps_scan
                0x0000000000000000        0x0 /usr/lib/gcc/x86_64-linux-gnu/4.4.7/../../../x86_64-linux-gnu/crt1.o
 .rela.text.recursive_action
                0x0000000000000000        0x0 /usr/lib/gcc/x86_64-linux-gnu/4.4.7/../../../x86_64-linux-gnu/crt1.o
 .rela.text.remove_file
                0x0000000000000000        0x0 /usr/lib/gcc/x86_64-linux-gnu/4.4.7/../../../x86_64-linux-gnu/crt1.o
 .rela.text.safe_poll
                0x0000000000000000        0x0 /usr/lib/gcc/x86_64-linux-gnu/4.4.7/../../../x86_64-linux-gnu/crt1.o
 .rela.text.safe_strtoul
                0x0000000000000000        0x0 /usr/lib/gcc/x86_64-linux-gnu/4.4.7/../../../x86_64-linux-gnu/crt1.o
 .rela.text.safe_strncpy
                0x0000000000000000        0x0 /usr/lib/gcc/x86_64-linux-gnu/4.4.7/../../../x86_64-linux-gnu/crt1.o
 .rela.text.bb_simplify_path
                0x0000000000000000        0x0 /usr/lib/gcc/x86_64-linux-gnu/4.4.7/../../../x86_64-linux-gnu/crt1.o
 .rela.text.skip_non_whitespace
                0x0000000000000000        0x0 /usr/lib/gcc/x86_64-linux-gnu/4.4.7/../../../x86_64-linux-gnu/crt1.o
 .rela.text.skip_whitespace
                0x0000000000000000        0x0 /usr/lib/gcc/x86_64-linux-gnu/4.4.7/../../../x86_64-linux-gnu/crt1.o
 .rela.text.str_tolower
                0x0000000000000000        0x0 /usr/lib/gcc/x86_64-linux-gnu/4.4.7/../../../x86_64-linux-gnu/crt1.o
 .rela.text.monotonic_sec
                0x0000000000000000        0x0 /usr/lib/gcc/x86_64-linux-gnu/4.4.7/../../../x86_64-linux-gnu/crt1.o
 .rela.text.monotonic_us
                0x0000000000000000        0x0 /usr/lib/gcc/x86_64-linux-gnu/4.4.7/../../../x86_64-linux-gnu/crt1.o
 .rela.text.trim
                0x0000000000000000        0x0 /usr/lib/gcc/x86_64-linux-gnu/4.4.7/../../../x86_64-linux-gnu/crt1.o
 .rela.text.print_signames
                0x0000000000000000        0x0 /usr/lib/gcc/x86_64-linux-gnu/4.4.7/../../../x86_64-linux-gnu/crt1.o
 .rela.text.get_signum
                0x0000000000000000        0x0 /usr/lib/gcc/x86_64-linux-gnu/4.4.7/../../../x86_64-linux-gnu/crt1.o
 .rela.text.bb_daemonize_or_rexec
                0x0000000000000000        0x0 /usr/lib/gcc/x86_64-linux-gnu/4.4.7/../../../x86_64-linux-gnu/crt1.o
 .rela.text.forkexit_or_rexec
                0x0000000000000000        0x0 /usr/lib/gcc/x86_64-linux-gnu/4.4.7/../../../x86_64-linux-gnu/crt1.o
 .rela.text.restore_nofork_data
                0x0000000000000000        0x0 /usr/lib/gcc/x86_64-linux-gnu/4.4.7/../../../x86_64-linux-gnu/crt1.o
 .rela.text.run_nofork_applet_prime
                0x0000000000000000        0x0 /usr/lib/gcc/x86_64-linux-gnu/4.4.7/../../../x86_64-linux-gnu/crt1.o
 .rela.text.save_nofork_data
                0x0000000000000000        0x0 /usr/lib/gcc/x86_64-linux-gnu/4.4.7/../../../x86_64-linux-gnu/crt1.o
 .rela.text.wait_pid
                0x0000000000000000        0x0 /usr/lib/gcc/x86_64-linux-gnu/4.4.7/../../../x86_64-linux-gnu/crt1.o
 .rela.text.wait_nohang
                0x0000000000000000        0x0 /usr/lib/gcc/x86_64-linux-gnu/4.4.7/../../../x86_64-linux-gnu/crt1.o
 .rela.text.wait4pid
                0x0000000000000000        0x0 /usr/lib/gcc/x86_64-linux-gnu/4.4.7/../../../x86_64-linux-gnu/crt1.o
 .rela.text.spawn
                0x0000000000000000        0x0 /usr/lib/gcc/x86_64-linux-gnu/4.4.7/../../../x86_64-linux-gnu/crt1.o
 .rela.text.spawn_and_wait
                0x0000000000000000        0x0 /usr/lib/gcc/x86_64-linux-gnu/4.4.7/../../../x86_64-linux-gnu/crt1.o
 .rela.text.fopen_or_warn
                0x0000000000000000        0x0 /usr/lib/gcc/x86_64-linux-gnu/4.4.7/../../../x86_64-linux-gnu/crt1.o
 .rela.text.fopen_or_warn_stdin
                0x0000000000000000        0x0 /usr/lib/gcc/x86_64-linux-gnu/4.4.7/../../../x86_64-linux-gnu/crt1.o
 .rela.text.xstrtou_range_sfx
                0x0000000000000000        0x0 /usr/lib/gcc/x86_64-linux-gnu/4.4.7/../../../x86_64-linux-gnu/crt1.o
 .rela.text.xstrtoull_range_sfx
                0x0000000000000000        0x0 /usr/lib/gcc/x86_64-linux-gnu/4.4.7/../../../x86_64-linux-gnu/crt1.o
 .rela.text.sockaddr2str
                0x0000000000000000        0x0 /usr/lib/gcc/x86_64-linux-gnu/4.4.7/../../../x86_64-linux-gnu/crt1.o
 .rela.text.xsocket_type
                0x0000000000000000        0x0 /usr/lib/gcc/x86_64-linux-gnu/4.4.7/../../../x86_64-linux-gnu/crt1.o
 .rela.text.bb_lookup_port
                0x0000000000000000        0x0 /usr/lib/gcc/x86_64-linux-gnu/4.4.7/../../../x86_64-linux-gnu/crt1.o
 .rela.text.xconnect
                0x0000000000000000        0x0 /usr/lib/gcc/x86_64-linux-gnu/4.4.7/../../../x86_64-linux-gnu/crt1.o
 .rela.text.setsockopt_broadcast
                0x0000000000000000        0x0 /usr/lib/gcc/x86_64-linux-gnu/4.4.7/../../../x86_64-linux-gnu/crt1.o
 .rela.text.setsockopt_reuseaddr
                0x0000000000000000        0x0 /usr/lib/gcc/x86_64-linux-gnu/4.4.7/../../../x86_64-linux-gnu/crt1.o
 .rela.text.str2sockaddr
                0x0000000000000000        0x0 /usr/lib/gcc/x86_64-linux-gnu/4.4.7/../../../x86_64-linux-gnu/crt1.o
 .rela.text.create_and_bind_or_die
                0x0000000000000000        0x0 /usr/lib/gcc/x86_64-linux-gnu/4.4.7/../../../x86_64-linux-gnu/crt1.o
 .rela.text.create_and_connect_stream_or_die
                0x0000000000000000        0x0 /usr/lib/gcc/x86_64-linux-gnu/4.4.7/../../../x86_64-linux-gnu/crt1.o
 .rela.text.xrealloc_getcwd_or_warn
                0x0000000000000000        0x0 /usr/lib/gcc/x86_64-linux-gnu/4.4.7/../../../x86_64-linux-gnu/crt1.o
 .rela.text.regcomp_or_errmsg
                0x0000000000000000        0x0 /usr/lib/gcc/x86_64-linux-gnu/4.4.7/../../../x86_64-linux-gnu/crt1.o
 .rela.text.get_uidgid
                0x0000000000000000        0x0 /usr/lib/gcc/x86_64-linux-gnu/4.4.7/../../../x86_64-linux-gnu/crt1.o
 .rela.text.parse_chown_usergroup_or_die
                0x0000000000000000        0x0 /usr/lib/gcc/x86_64-linux-gnu/4.4.7/../../../x86_64-linux-gnu/crt1.o
 *(SORT(.rela.fini))
 *(SORT(.rela.rodata) SORT(.rela.rodata.*) SORT(.rela.gnu.linkonce.r.*))
 .rela.rodata.applet_main
                0x0000000000000000        0x0 /usr/lib/gcc/x86_64-linux-gnu/4.4.7/../../../x86_64-linux-gnu/crt1.o
 *(SORT(.rela.data) SORT(.rela.data.*) SORT(.rela.gnu.linkonce.d.*))
 *(SORT(.rela.tdata) SORT(.rela.tdata.*) SORT(.rela.gnu.linkonce.td.*))
 *(SORT(.rela.tbss) SORT(.rela.tbss.*) SORT(.rela.gnu.linkonce.tb.*))
 *(SORT(.rela.ctors))
 *(SORT(.rela.dtors))
 *(SORT(.rela.got))
 .rela.got      0x0000000000402bb8       0x18 /usr/lib/gcc/x86_64-linux-gnu/4.4.7/../../../x86_64-linux-gnu/crt1.o
 *(SORT(.rela.bss) SORT(.rela.bss.*) SORT(.rela.gnu.linkonce.b.*))
 .rela.bss      0x0000000000402bd0       0xa8 /usr/lib/gcc/x86_64-linux-gnu/4.4.7/../../../x86_64-linux-gnu/crt1.o
 *(SORT(.rela.ldata) SORT(.rela.ldata.*) SORT(.rela.gnu.linkonce.l.*))
 *(SORT(.rela.lbss) SORT(.rela.lbss.*) SORT(.rela.gnu.linkonce.lb.*))
 *(SORT(.rela.lrodata) SORT(.rela.lrodata.*) SORT(.rela.gnu.linkonce.lr.*))
 *(SORT(.rela.ifunc))

.rela.plt       0x0000000000402c78     0x1998
 *(SORT(.rela.plt))
 .rela.plt      0x0000000000402c78     0x1998 /usr/lib/gcc/x86_64-linux-gnu/4.4.7/../../../x86_64-linux-gnu/crt1.o
                0x0000000000404610                PROVIDE (__rela_iplt_start, .)
 *(SORT(.rela.iplt))
 .rela.iplt     0x0000000000000000        0x0 /usr/lib/gcc/x86_64-linux-gnu/4.4.7/../../../x86_64-linux-gnu/crt1.o
                0x0000000000404610                PROVIDE (__rela_iplt_end, .)

.init           0x0000000000404610       0x18
 *(SORT(.init))
 .init          0x0000000000404610        0x9 /usr/lib/gcc/x86_64-linux-gnu/4.4.7/../../../x86_64-linux-gnu/crti.o
                0x0000000000404610                _init
 .init          0x0000000000404619        0x5 /usr/lib/gcc/x86_64-linux-gnu/4.4.7/crtbegin.o
 .init          0x000000000040461e        0x5 /usr/lib/gcc/x86_64-linux-gnu/4.4.7/crtend.o
 .init          0x0000000000404623        0x5 /usr/lib/gcc/x86_64-linux-gnu/4.4.7/../../../x86_64-linux-gnu/crtn.o

.plt            0x0000000000404630     0x1120
 *(SORT(.plt))
 .plt           0x0000000000404630     0x1120 /usr/lib/gcc/x86_64-linux-gnu/4.4.7/../../../x86_64-linux-gnu/crt1.o
                0x0000000000404640                initgroups@@GLIBC_2.2.5
                0x0000000000404650                umount@@GLIBC_2.2.5
                0x0000000000404660                ctime@@GLIBC_2.2.5
                0x0000000000404670                chmod@@GLIBC_2.2.5
                0x0000000000404680                setmntent@@GLIBC_2.2.5
                0x0000000000404690                MD5_Init@@OPENSSL_1.0.0
                0x00000000004046a0                mount@@GLIBC_2.2.5
                0x00000000004046b0                symlink@@GLIBC_2.2.5
                0x00000000004046c0                tcsetattr@@GLIBC_2.2.5
                0x00000000004046d0                chdir@@GLIBC_2.2.5
                0x00000000004046e0                fileno@@GLIBC_2.2.5
                0x00000000004046f0                endmntent@@GLIBC_2.2.5
                0x0000000000404700                dirname@@GLIBC_2.2.5
                0x0000000000404710                dup2@@GLIBC_2.2.5
                0x0000000000404720                execv@@GLIBC_2.2.5
                0x0000000000404730                pause@@GLIBC_2.2.5
                0x0000000000404740                mktime@@GLIBC_2.2.5
                0x0000000000404750                ftell@@GLIBC_2.2.5
                0x0000000000404760                getgid@@GLIBC_2.2.5
                0x0000000000404770                getgrnam@@GLIBC_2.2.5
                0x0000000000404780                setsid@@GLIBC_2.2.5
                0x0000000000404790                inet_pton@@GLIBC_2.2.5
                0x00000000004047a0                close@@GLIBC_2.2.5
                0x00000000004047b0                __longjmp_chk@@GLIBC_2.11
                0x00000000004047c0                MD5_Update@@OPENSSL_1.0.0
                0x00000000004047d0                wait@@GLIBC_2.2.5
                0x00000000004047e0                utime@@GLIBC_2.2.5
                0x00000000004047f0                ioctl@@GLIBC_2.2.5
                0x0000000000404800                __h_errno_location@@GLIBC_2.2.5
                0x0000000000404810                memchr@@GLIBC_2.2.5
                0x0000000000404820                __vprintf_chk@@GLIBC_2.3.4
                0x0000000000404830                getpgrp@@GLIBC_2.2.5
                0x0000000000404840                __fprintf_chk@@GLIBC_2.3.4
                0x0000000000404850                isatty@@GLIBC_2.2.5
                0x0000000000404860                gethostbyname@@GLIBC_2.2.5
                0x0000000000404870                puts@@GLIBC_2.2.5
                0x0000000000404880                recvmsg@@GLIBC_2.2.5
                0x0000000000404890                _setjmp@@GLIBC_2.2.5
                0x00000000004048a0                fseek@@GLIBC_2.2.5
                0x00000000004048b0                toupper@@GLIBC_2.2.5
                0x00000000004048c0                select@@GLIBC_2.2.5
                0x00000000004048d0                execvp@@GLIBC_2.2.5
                0x00000000004048e0                exit@@GLIBC_2.2.5
                0x00000000004048f0                __printf_chk@@GLIBC_2.3.4
                0x0000000000404900                getaddrinfo@@GLIBC_2.2.5
                0x0000000000404910                strcasecmp@@GLIBC_2.2.5
                0x0000000000404920                gettimeofday@@GLIBC_2.2.5
                0x0000000000404930                putchar@@GLIBC_2.2.5
                0x0000000000404940                getopt@@GLIBC_2.2.5
                0x0000000000404950                strpbrk@@GLIBC_2.2.5
                0x0000000000404960                strsignal@@GLIBC_2.2.5
                0x0000000000404970                execl@@GLIBC_2.2.5
                0x0000000000404980                read@@GLIBC_2.2.5
                0x0000000000404990                strncmp@@GLIBC_2.2.5
                0x00000000004049a0                malloc@@GLIBC_2.2.5
                0x00000000004049b0                __libc_start_main@@GLIBC_2.2.5
                0x00000000004049c0                gnu_dev_minor@@GLIBC_2.3.3
                0x00000000004049d0                recv@@GLIBC_2.2.5
                0x00000000004049e0                sigfillset@@GLIBC_2.2.5
                0x00000000004049f0                getpriority@@GLIBC_2.2.5
                0x0000000000404a00                if_nametoindex@@GLIBC_2.2.5
                0x0000000000404a10                regexec@@GLIBC_2.3.4
                0x0000000000404a20                system@@GLIBC_2.2.5
                0x0000000000404a30                SSL_get_error@@OPENSSL_1.0.0
                0x0000000000404a40                execlp@@GLIBC_2.2.5
                0x0000000000404a50                unlink@@GLIBC_2.2.5
                0x0000000000404a60                rmdir@@GLIBC_2.2.5